
> shadow-legion@1.4.0-alpha.2 release:web
> npm run check && npm run check:security && node scripts/prepare-web-release.mjs


> shadow-legion@1.4.0-alpha.2 check
> npm run test && npm run build && npm run check:dist


> shadow-legion@1.4.0-alpha.2 test
> node --import ./scripts/test-loader.mjs --test src/test/*.test.mjs

✔ an exhausted upgrade pool consumes all opening drafts and starts combat once (2.4491ms)
✔ an exhausted station reward preserves the endless run instead of opening a fresh draft (0.6449ms)
✔ the forest letter survives export and restore without granting campaign stars or currency (21.5236ms)
✔ an old backup without postal data preserves the exact current forest journey (1.401ms)
✔ postal backup rejects missing address proof and protects a newer current journey (9.5969ms)
✔ a refused postal restore rolls every preceding game section back to its original bytes (14.4226ms)
✔ the tenth domain preserves lake nodes, delivery receipt, optional discovery and derived safe dock through backup (3.0929ms)
✔ an old nine-domain backup preserves exact v2 bytes instead of inferring or erasing newer lake progress (1.5835ms)
✔ v2 backup sanitization rejects impossible lake delivery, unknown nodes and future versions before writing (2.7696ms)
✔ a refused tenth-domain write rolls earlier imported data back including original v1 bytes (1.4948ms)
✔ restoring an empty valid v2 does not prevent real later forest completion from opening the lake (0.8374ms)
✔ lake scenes forbid restoring even from another open safe menu while active, paused or sleeping (0.4744ms)
✔ a future shadow reward ledger is rejected on export, preview and restore without erasing it (0.4641ms)
✔ individual shadow rewards survive backup without inventing preceding tier payments (1.2573ms)
✔ a durable unpaid campaign reward survives backup and is reconciled exactly once (2.8652ms)
✔ export reads exactly the ten game keys and preview performs no storage access or writes (0.5654ms)
✔ full backup round-trips growth, route, profile, settings, scores, trials, tutorial, samples and checkpoint (4.7712ms)
✔ preview rejects broken envelopes, future versions, missing growth and foreign sections without mutation (0.9104ms)
✔ the size limit counts UTF-8 bytes and rejects oversized individual domains (4.9728ms)
✔ domain sanitizers remove unrecognized fields and bound counters without importing executable or prototype data (1.1844ms)
✔ partial backups rebuild the route from imported growth and preserve absent optional game keys (2.0496ms)
✔ explicit null values preview removal and clear only the corresponding game keys (0.5825ms)
✔ invalid checkpoint cards, inconsistent modes and malformed domain containers are rejected before writing (0.8879ms)
✔ v2 saves migrate through the same Meta and Campaign sanitizers without granting currency (1.0397ms)
✔ read failure aborts before any writes and future current saves are never overwritten (0.4771ms)
✔ a later failed write rolls back earlier changes and preserves the original byte strings (0.4449ms)
✔ rollback handles a storage adapter that writes then throws and a removed key (0.4706ms)
✔ silent discarded writes are detected and rollback failure is explicitly distinguished from success (0.7297ms)
✔ exports do not silently replace corrupt or future saved data with a fresh-looking backup (0.5606ms)
✔ restore revalidates modified preview text rather than trusting a mutable prepared object (0.6489ms)
✔ safe endless limits survive Meta, leaderboard and checkpoint backup round-trip while rewards stay capped (2.1203ms)
✔ an already focused browser initializes input, while real blur still pauses it (2.2557ms)
✔ new campaign starts at 1-1 and rejects locked or invalid stage submissions (2.9591ms)
✔ clearing a stage stores three stars, unlocks exactly the next stage and uses one wallet (4.4303ms)
✔ duplicate completion does not add another clear, reward or faster fabricated record (1.8044ms)
✔ failure records an attempt without unlocking or awarding currency (1.0445ms)
✔ replays preserve best stars and the Meta reward cap prevents unlimited farming (3.8336ms)
✔ legacy chapter progress becomes one-star access without retroactive rewards (0.4737ms)
✔ sanitization reconstructs route access and ignores forged unlock counters (0.3753ms)
✔ corrupt or inaccessible storage fails safely and reports an unsaved result (0.4854ms)
✔ a wallet write can be retried with the same receipt without duplicating route progress (0.9148ms)
✔ a failed route write cannot create a wallet receipt or a duplicate clear on retry (0.7137ms)
✔ future campaign versions are preserved byte-for-byte on victory and defeat without wallet changes (0.6186ms)
✔ the save boundary independently rejects a newer route supplied after a supported read (0.7351ms)
✔ an unreadable route cannot be overwritten even when storage still accepts writes (0.3877ms)
✔ future-version protection preserves legacy migration and legitimate v1 writes and retries (12.7609ms)
✔ stage 15 wallet failure survives reload and reconciles the engineer unlock exactly once (48.5786ms)
✔ following stage 3 with stage 4 also settles the persisted unlock in receipt order (1.547ms)
✔ failed or silently discarded queue acknowledgements never pay the same receipt twice (1.176ms)
✔ a silently discarded initial route never reaches the wallet and its original receipt can retry (0.5824ms)
✔ unpaid receipts outlive the recent history and a full queue rejects new victories without dropping data (249.6503ms)
✔ old rc2 missing wallet progress is queued durably before reconciliation pays it (1.1034ms)
✔ old paid receipts with expired reward IDs cannot manufacture a new replay reward (3.6493ms)
✔ old rc2 receipts recover missing higher stars and independent operative mastery (5.1862ms)
✔ reconciliation cannot pay a recovered legacy receipt before its queue is read back (0.4215ms)
✔ reconciliation preserves future route versions and never drains their receipts into an older wallet (0.396ms)
✔ walking uses alternating limbs and delayed tail/bag poses, not a whole-sprite wobble (2.3897ms)
✔ locomotion switches without threshold jitter and freezes its frame while paused (0.6006ms)
✔ dash and celebration finish once before returning to the appropriate locomotion state (0.3019ms)
✔ intentional movement immediately interrupts celebration, without reviving it after stopping (0.2359ms)
✔ resetting after a paused dash or rescue clears transient pose and locomotion hysteresis (0.2991ms)
✔ actual animator reset changes the visible frame immediately without modifying movement (0.6797ms)
✔ reduced motion suppresses idle flourishes while keeping actual running and dash feedback (0.2654ms)
✔ the actual animator changes only frame texture, retains body/scale, and keeps echo/mirror atlases distinct (0.4046ms)
✔ actual shadow follow faces movement without a target, preserves idle direction, and still aims at enemies (1.3526ms)
✔ chapter checkpoint round-trips build choices and progress without live physics (5.2169ms)
✔ checkpoint keeps starting chapter for reward boundaries and migrates old checkpoints (0.7411ms)
✔ checkpoint rejects unknown versions, invalid classes and impossible card sequences (0.5011ms)
✔ corrupt, oversized or inaccessible checkpoint storage fails without crashing (0.409ms)
✔ restoring a behavior recorder preserves cumulative chapter measurements (1.1411ms)
✔ recorder snapshots bound playtime and cannot restore invalid or negative counters (0.4359ms)
✔ every campaign chapter has complete finite spawn data and a final boss (2.897ms)
✔ maps keep lanes, cover and hazards inside the playable arena (0.6181ms)
✔ chapter boundaries and endless wrap resolve the intended maps (0.3476ms)
✔ all four operatives have distinct builds and real signature skills (0.3869ms)
✔ cards have unique IDs and resolvable skill prerequisites (0.5391ms)
✔ skill levels clamp at both ends without producing invalid combat stats (0.6672ms)
✔ new saves grant the starting class without workshop power (0.5471ms)
✔ chapter completion persists every earned unlock and is idempotent (2.2066ms)
✔ older partial saves restore unlocks from chapter progress (0.5911ms)
✔ corrupt JSON and unavailable storage recover without throwing (23.1026ms)
✔ save sanitization caps workshop ranks and filters unknown unlocks (0.4069ms)
✔ workshop rejects unaffordable purchases and charges exactly once per rank (0.819ms)
✔ first-clear build bonus is paid once and fastest completion persists (0.7353ms)
✔ starting at a late chapter cannot farm progress or claim a full campaign achievement (0.5592ms)
✔ leaderboard persists every class, including engineer (0.4945ms)
✔ leaderboard retains the ten highest scores and ignores malformed entries (0.4949ms)
✔ behavior profiles distinguish moving from stationary play within bounded metrics (0.6566ms)
✔ real Phaser 8ms key taps survive keyup and execute once in the actual Hero tick (3.4686ms)
✔ holding a real Key and OS repeats do not queue another discrete action (0.5041ms)
✔ multiple complete taps between ticks keep at most one request per action (0.3105ms)
✔ insufficient charge consumes the press rather than casting after later charge gain (0.4222ms)
✔ a press during dash cooldown is consumed and does not fire when cooldown expires (0.2973ms)
✔ the actual Arena gate and reset cancel requests across pause (0.5712ms)
✔ the actual Arena gate and reset cancel requests across blur (0.3641ms)
✔ the actual Arena gate and reset cancel requests across tutorial (0.2768ms)
✔ the actual Arena gate and reset cancel requests across upgrade (0.2487ms)
✔ the actual Arena gate and reset cancel requests across death (0.4257ms)
✔ the actual Arena gate and reset cancel requests across levelComplete (0.2264ms)
✔ the actual Arena gate and reset cancel requests across shutdown (0.1823ms)
✔ the actual Arena gate and reset cancel requests across openingDraft (0.1419ms)
✔ a held key reset by pause cannot create a new action from an OS repeat after resume (0.1924ms)
✔ destroying action input clears pending work and detaches real Key listeners (0.308ms)
✔ the actual paused-to-running transition clears a pre-pause request before resuming (0.567ms)
✔ the actual tutorial update clears a request even when the Hero tick is skipped (0.4692ms)
✔ entity method: knockback safely ignores an enemy destroyed by the triggering hit (1.6519ms)
✔ entity method: a live enemy still receives directional knockback (0.3556ms)
✔ entity method: enemy tick stops after AI destroys itself during an explosion (0.3866ms)
✔ entity method: zero or invalid damage does not spend shields (0.4659ms)
✔ entity method: shield grant of brief invulnerability prevents multiple hits consuming all shields (0.2814ms)
✔ entity method: homing piercing projectile skips targets already hit (0.5142ms)
✔ upgrade method: a signature appearing in two pools still yields three unique choices (0.7407ms)
✔ upgrade method: exhausted skill levels disappear and injured camp can still receive repair (1.2365ms)
✔ upgrade method: chapter recovery card grants persistent regeneration with a three-stack cap (0.719ms)
✔ journey reads are write-free and old campaign progress never opens the lake or planned regions (45.6061ms)
✔ partial real forest clues derive without migration and cannot manufacture a forest delivery (1.0921ms)
✔ first actual lake save migrates complete legacy proof while preserving every original v1 byte (1.3046ms)
✔ an imported empty v2 can later see a real forest completion and persist that proof on the first lake action (1.0964ms)
✔ legacy clue merging is monotonic but does not infer a delivery from a complete-looking address (0.5553ms)
✔ a durable v2 forest receipt is independent of missing, corrupt or future v1 records (0.9806ms)
✔ lake nodes enforce their order and delivery requirements while optional discovery never gates the letter (1.1202ms)
✔ unknown nodes, discoveries, regions and invalid receipt values cannot create a write (0.5228ms)
✔ durable actions and delivery receipts are idempotent without replacing the original receipt (0.7817ms)
✔ each failed or silently refused milestone remains retryable and never advances its returned checkpoint (1.7315ms)
✔ a committed value with failed readback is safely confirmed after refresh without repeating the write (0.5886ms)
✔ future, malformed and oversized current domains are preserved instead of falling back over them (0.6383ms)
✔ write-before-read comparison detects a changing legacy proof or a newly arrived future v2 (0.4243ms)
✔ journey sanitizer rejects forged dependencies and planned content, while dropping transient or executable extras (1.0357ms)
✔ real mid arrival retains pendingNode across persistent write failure and F cannot configure leaves or depart (7.5758ms)
✔ F confirms the pending real mid landing once and only a later F may perform its normal local action (1.9673ms)
✔ write success followed by landing readback failure retries the durable real node without a second arrival (1.5126ms)
✔ visiting the mailbox before a real arrival cannot deliver, both before sailing and during the second leg (2.0489ms)
✔ unconfirmed mail landing blocks delivery until F saves it, then a separate F actually hands over the letter (2.4862ms)
✔ normal repeated delivery does not repeat celebrations, delivery audio, writes or envelope visibility (2.1715ms)
✔ a refused handover keeps the visible letter and retry can deliver without repeating already saved dock milestones (2.5499ms)
✔ successful handover write with failed readback is confirmed on retry and celebrated once (1.8421ms)
✔ real F refuses distant or unanchored departure and command must be followed by actual echo arrival (0.7199ms)
✔ pure F at two leaves uses actual spatial separation and returning to mid is required to launch (1.4938ms)
✔ a safe mail checkpoint resumes without a new arrival event or automatic delivery (1.6036ms)
✔ isSafe matches usable bank and boardwalk approaches, with a full 12px margin at wet deck edges (0.8048ms)
✔ the return bridge becomes walkable only after delivery and its 12px footprint has no artificial seam at x=936 (2.6815ms)
✔ the model publishes one bounded three-dock route with bank-side anchors and two distinct leaf choices (5.5102ms)
✔ issuing a command or placing an uncommanded echo near the boat cannot load or launch a letter (0.7726ms)
✔ dock actions reject a distant player and check the interaction boundary independently of scene input (0.4039ms)
✔ anchoring requires the actual echo within 24px and staying, with no stale proof after it leaves (0.3265ms)
✔ the first voyage really moves through the route and emits midDocked only at its exact final arrival (0.9549ms)
✔ transit rejects loading, commands, re-departure and leaf changes without changing the ongoing route (0.3779ms)
✔ the two leaves cannot be preconfigured from start or manipulated remotely at the mid dock (0.2934ms)
✔ both correct directions are required, and revising a correct leaf to the wrong direction closes the route again (0.2632ms)
✔ after spatially separated leaf work, the player must return to mid and the echo must still hold there (0.2913ms)
✔ a full two-leg journey emits exactly one event per real dock and cannot depart again from the mailbox (0.8838ms)
✔ safe-dock resume restores ownership and completed arrivals without inventing events or restoring unsafe transient state (0.3059ms)
✔ zero or invalid delta never sails; a huge frame is bounded and cannot manufacture an arrival (0.3466ms)
✔ malformed actor coordinates or delta fail closed instead of reusing an old anchor proof (0.3078ms)
✔ unknown leaf identifiers and impossible directions cannot set a ready route (0.2145ms)
✔ snapshots and shared route points are deeply readonly and cannot mutate later voyage behavior (0.7404ms)
✔ different valid frame partitions reach the same intermediate boat position and pause does not advance it (0.7401ms)
✔ local wave timing reports explicit sample counts and correct median/p90 (5.9682ms)
✔ wave timing retains only the most recent 120 observations (24.8916ms)
✔ invalid timing samples and broken storage never report fabricated observations (0.6749ms)
✔ five shadow challenges have readable tells, finite rounds and real encounter differences (1.5356ms)
✔ shadow records retain best time, separate tiers and reject corrupt inputs (1.6054ms)
✔ shadow record writes that throw never claim a saved first clear or improved time (0.3792ms)
✔ shadow record readback detects silent refusal without blocking independent wallet rewards (1.9337ms)
✔ shadow record readback errors stay unconfirmed and saved values follow existing bounds (0.5281ms)
✔ a committed shadow write with failed readback retries the same ID without another win or faster time (0.5683ms)
✔ shadow completion IDs deduplicate retries while a different completion increments wins normally (0.2721ms)
✔ an unreadable shadow history is never replaced by a fresh-looking victory (0.2938ms)
✔ broken or oversized shadow history is left intact when recording cannot establish its contents (0.3179ms)
✔ shadow records keep eight recent IDs per tier and the maximum legal records stay below 8192 bytes (2.5992ms)
✔ backup export and restore retain shadow deduplication IDs so a recovered result cannot count twice (3.9979ms)
✔ backup and runtime sanitizers preserve the same eight newest legal shadow IDs (0.6998ms)
✔ checkpoints preserve explicit modes and reject mismatched stage chapters (0.7345ms)
✔ postal state persists every address fragment before idempotent delivery and never reads another game domain (3.7233ms)
✔ postal sanitizer rejects fabricated completions, unknown versions and invalid domain fields (1.0697ms)
✔ postal storage failure and silent refusal retain visible retryable fragments (0.9065ms)
✔ postal failed final write never claims delivery; same receipt can be retried (0.5261ms)
✔ postal committed write with failed readback is confirmed by a duplicate retry without another write (1.5792ms)
✔ postal future version, malformed storage and unavailable reads are protected from writes (2.8407ms)
✔ postal invalid action input cannot change an otherwise valid story record (0.3402ms)
✔ postal returning to a fresh scene reads delivery and return shortcut from the single durable record (0.3363ms)
✔ postal read-before-write protection preserves a future version arriving during an action (0.3793ms)
✔ postal bridge collider stays enabled until the waiting companion actually reaches the bell stone (0.8863ms)
✔ postal bridge drawing only rebuilds on state changes while its actual collision enable is refreshed every tick (0.5585ms)
✔ postal scene keeps a refused fragment visible and silent until an F interaction confirms storage (1.3794ms)
✔ postal scene unlocks its return shortcut and plays success only after the actual delivery write succeeds (0.8382ms)
✔ postal ground clicking creates a world-space walking target; right click only requests a short dash (0.7208ms)
✔ postal HUD, interactive UI, pause, loss of focus and closed scene never create mouse movement (0.6222ms)
✔ postal keyboard movement immediately cancels a click target, including opposing held directions (0.2606ms)
✔ postal point walking stops at its destination or after 400ms without approach; it never routes through obstacles (0.3232ms)
✔ postal clearing input removes mouse target and action requests before stopping movement (0.2834ms)
✔ postal actual update emits one command and one accepted dash cue, with no cooldown or later auto-repeat cue (1.2699ms)
✔ postal audio initialization failure never interrupts a confirmed letter save (0.7364ms)
✔ postal pause and departure input clearing cancel the actual cat and echo transient animation states (0.7933ms)
✔ postal bindings preserve an actual Phaser Key 8ms tap, ignore paused presses and detach on shutdown (41.9593ms)
✔ lake: an isolated Escape tap pauses and a next-frame Enter tap resumes with the real Phaser queue (5.5636ms)
✔ lake: Escape then Enter within one frame consumes the old Escape event once despite resetKeys (0.9836ms)
✔ lake: one Escape tap while walking cannot leave when an earlier movement event remains queued (0.714ms)
✔ lake: OS repeats and unrelated queued key events cannot convert a held pause key into an exit (0.8394ms)
✔ lake: a genuinely new Escape tap on the paused panel still exits once (0.8982ms)
✔ lake: an already blurred scene takes the paused Escape branch without any queue replay (0.6353ms)
✔ lake: Enter after a blur resumes safely and clears movement without executing queued interactions (0.5203ms)
✔ forest: an isolated Escape tap pauses and a next-frame Enter tap resumes with the real Phaser queue (1.1324ms)
✔ forest: Escape then Enter within one frame consumes the old Escape event once despite resetKeys (0.566ms)
✔ forest: one Escape tap while walking cannot leave when an earlier movement event remains queued (0.5953ms)
✔ forest: OS repeats and unrelated queued key events cannot convert a held pause key into an exit (0.5152ms)
✔ forest: a genuinely new Escape tap on the paused panel still exits once (0.3453ms)
✔ forest: an already blurred scene takes the paused Escape branch without any queue replay (0.2616ms)
✔ forest: Enter after a blur resumes safely and clears movement without executing queued interactions (0.2209ms)
✔ postal mute and unknown cues create no AudioContext or nodes (2.4947ms)
✔ postal cues have bounded middle-register tones, low gain and finite starts; repeated requests are rate limited (2.8909ms)
✔ postal unavailable AudioContext returns failure without throwing (0.7441ms)
✔ postal partial audio failure stops and disconnects nodes already created (0.5645ms)
✔ postal suspended audio never schedules stale success tones and a later running context can play normally (0.6931ms)
✔ postal walk retains actual Phaser 8ms action taps exactly once and holding cannot repeat them (4.7052ms)
✔ postal pause clears pending taps, click destinations, held movement and transient animation before resuming (2.2551ms)
✔ actual blur and hidden handlers clear controls and cannot resume while the game remains unfocused (0.9977ms)
✔ postal pointer input filters HUD and interactive UI, and keyboard movement cancels point walking (0.7364ms)
✔ postal closure detaches the real key, pointer and visibility listeners and cannot consume later input (1.169ms)
✔ postal nonfinite or negative frame deltas never advance clock, companion distance or region simulation time (0.7603ms)
✔ postal follower reaches a nearby player by actual queued shoreline footsteps instead of a direct water shortcut (4.1786ms)
✔ postal sendEcho preserves a distant companions old approach to an anchor without cutting across water (3.9089ms)
✔ postal recall during an unfinished approach retains both the old approach and the players newly walked return route (4.9271ms)
✔ postal staying companion remembers the players real detour before following again (37.3106ms)
✔ postal long staying walk compresses closed detours without discarding a necessary shoreline corner (12.4817ms)
✔ postal safeSegment tests the interior and rejects a water shortcut even when both endpoints are dry (0.421ms)
✔ postal fallback compression over 600 pending points preserves the only dry corner in its prefix (3.1254ms)
✔ postal normal following after long straight-line compression settles within the footstep interval plus follow gap (6.3755ms)
✔ first clears, higher stars and capped replays pay once with role-specific mastery (5.3147ms)
✔ fixed stage milestones unlock three characters and skills at 3, 8 and 15 (3.9442ms)
✔ research requires distinct clears, spends exact currency and cannot be purchased twice (1.6945ms)
✔ specializations require earned mastery and currency, then equip one with a real tradeoff (1.9713ms)
✔ each operative earns mastery independently across distinct stages with a hard ceiling (13.5233ms)
✔ battle application modifies the real Hero field contract including workshop and selected tradeoff (0.7031ms)
✔ all twelve specializations retain a cost or drawback and affect supported combat fields (0.8837ms)
✔ v2 migration preserves purchased ranks and currency, marks completed stages without first-clear grants (1.0424ms)
✔ malformed and future saves, invalid IDs and nonfinite numbers never create spendable values (0.9242ms)
✔ a refused localStorage write grants nothing, consumes nothing, and the same completion retries safely (1.1327ms)
✔ shadow and endless milestone rewards use durable records and capped role mastery (1.5174ms)
✔ a failed shadow reward remains retryable without charging it to another tier (0.4796ms)
✔ stage/profile statistics share completion IDs without double currency or false full-campaign wins (2.2198ms)
✔ finite campaign economy funds meaningful choices without requiring repeated easy-stage farming (23.0464ms)
✔ an endless defeat cannot obtain legacy run rewards when a caller omits the new mode field (0.4684ms)
✔ atlas build achievements require that operative to clear every stage, and never use one-stage time (10.5963ms)
✔ an unknown future save is left intact even if an older client tries to record a stage (0.2825ms)
✔ paid stage receipts remain idempotent after the global recent-event window is evicted (3.9184ms)
✔ save retry passes the original frozen completion and preserves first-clear presentation (2.2996ms)
✔ a route-first-write failure retries the actual managers without another clear or payment (4.9398ms)
✔ a repeated save failure restarts with the same receipt and does not invent saved progress (0.3146ms)
✔ retry performs no stage writes for absent completion, absent result or an already saved result (0.2711ms)
✔ an unwritten result blocks the first map exit and accepts its explicit repeat (0.3923ms)
✔ an unwritten result blocks the first workshop exit and accepts its explicit repeat (0.1841ms)
✔ an unwritten result blocks the first escape exit and accepts its explicit repeat (0.1083ms)
✔ switching exits never reuses confirmation given for a different destination (0.271ms)
✔ a durable route with a pending wallet reward permits all exits immediately (0.2973ms)
✔ a fully saved result and non-campaign result do not request discard confirmation (0.3319ms)
✔ tier-five wallet recovery grants only that tier once and does not repeat the saved trial victory (0.9701ms)
✔ tier-five trial-record recovery leaves an already paid wallet and mastery untouched (0.4112ms)
✔ a failed habit diary is retried after the stage reward is saved without adding another run or reward (1.3585ms)
✔ a partially saved shadow victory and an unsaved habit diary require explicit repeated departure (0.5761ms)
✔ a committed shadow victory with failed verification is recovered without another win or wallet payment (0.5356ms)
✔ first-run settings honor OS reduced-motion preference with restrained volume (2.4337ms)
✔ saved settings clamp volume and reject non-boolean preferences (0.573ms)
✔ corrupt settings recover and blocked storage still allows session preferences (0.5501ms)
✔ explicit accessibility choice persists and returned objects cannot change stored state (0.3764ms)
✔ choosing tier 5 first pays only tier 5, then tier 1 still earns its actual first-clear reward (4.6577ms)
✔ all five tiers pay the same bounded total in arbitrary order and remain paid after receipt eviction (1.5742ms)
✔ currency is shared per tier while mastery is independent per operative and exact tier (0.7513ms)
✔ legacy highest-tier prefixes migrate as already paid without retroactive rewards or wallet changes (0.9722ms)
✔ legacy tier 5 rewards cannot be claimed again even if the old wallet was spent (0.7129ms)
✔ throwing storage leaves a tier retryable and a later tier never implicitly claims it (0.5998ms)
✔ silent write refusal is not reported as a saved reward and the same completion can retry (0.3464ms)
✔ failed migration write preserves old paid prefixes and retries only the new exact tier (0.623ms)
✔ future outer or reward-ledger versions stay byte-for-byte protected from mutation (0.6714ms)
✔ unreadable storage is protected and can later recover without a phantom receipt (0.427ms)
✔ new exact-tier ledgers sanitize invalid entries without rebuilding a highest-tier prefix (0.4485ms)
✔ a committed write with failed verification cannot pay again when the same completion retries (0.4532ms)
✔ new players get a useful training companion without a saved profile (1.1939ms)
✔ hostile or damaged profile fields never create nonfinite combat values (0.4658ms)
✔ recorded play styles create different companion behavior with capped firepower (0.2398ms)
✔ shadow cover blocks crossed, parallel-edge and embedded segments symmetrically (0.4222ms)
✔ shadow targeting ignores dead, distant and covered enemies (0.2988ms)
✔ tactician prioritizes support roles while a nearby camp threat wins priority (0.2228ms)
✔ chapter objectives teach commands, core defense and local terrain with one-time rewards (0.4737ms)
✔ shadow trial replaces the chapter exercise and cannot complete from ordinary kills (0.1587ms)
✔ campaign contains five chapters of ten stable, individually named stages (4.0661ms)
✔ all fifty stages have real encounter and route differences with valid enemies (5.3599ms)
✔ every stage map has distinct geometry and all declared approaches fit a boss (11.7627ms)
✔ stage objectives only request terrain and enemy roles that occur in that stage (1.6022ms)
✔ stars are earned independently and a failed stage never earns a star (0.4919ms)
✔ map and encounter getters return independent objects for scene mutations (0.5731ms)
✔ the book contains a three-page opening, five two-page replies and a three-page ending in causal address order (1.5772ms)
✔ reading-length bounds leave enough space for static pages without forced timing or truncated prose (0.5173ms)
✔ story unlocks follow saved consecutive chapter boundaries, not cached counters or isolated high-stage clears (0.4634ms)
✔ failed, malformed and missing stage records do not unlock a letter while migrated real clears do (0.2487ms)
✔ chapter completion suggests only its letter, with the final letter before the epilogue (0.1699ms)
✔ a real forest delivery unlocks its reply independently without granting future letters or altering campaign progress (0.2641ms)
✔ return routing rejects scene loops, battle/results and malformed inputs; safe readers discard payloads (0.1976ms)
✔ return routing preserves bounded navigation only and cannot smuggle result or resume state (0.2047ms)
✔ request resolution keeps an authorized return route when falling back from an unavailable story and never mutates progress (0.2203ms)
✔ page navigation clamps previous, restarts freely, and finishes only on the last page (0.2121ms)
✔ real postal receipts unlock consecutive replies without combat stars or story reward writes (0.3176ms)
✔ real StoryScene controller exits once on final next or skip and resets on re-entry without recording progress (0.4542ms)
✔ hero and companion damage each receive one terrain credit only when an active zone loses real enemy HP (1.785ms)
✔ invalid hits, dead targets and dodge-rounded zero damage never add terrain credit (0.3026ms)
✔ lethal damage preserves entity death effects and credits the position before synchronous death listeners move it (0.3257ms)
✔ ShadowRival retains shadowDefeated then enemyDeath exactly once through the common damage entry (0.2215ms)
✔ pulse terrain only credits its own active damaging pulses, never hero or companion hits in the lane (0.2788ms)
✔ all formerly omitted direct attack paths now credit effective terrain damage (1.0509ms)
✔ real projectile handling rejects zero-damage seventh piercing hits and keeps shadow shots outside player on-hit bonuses (0.418ms)
✔ the 19 terrain objectives retain their thresholds and only the five pulse stages advertise lamp damage (5.8564ms)
✔ stage 11 final hero terrain hit reaches its goal before the real wave event saves three stars (6.6454ms)
✔ stage 11 final shadow terrain hit reaches its goal before the real wave event saves three stars (1.038ms)
✔ stage 21 final hero terrain hit reaches its goal before the real wave event saves three stars (0.9645ms)
✔ stage 21 final shadow terrain hit reaches its goal before the real wave event saves three stars (0.8401ms)
✔ stage 31 final pulse terrain hit reaches its goal before the real wave event saves three stars (1.2611ms)
✔ queued encounters wait at the shared entity budget and finish only after every queued enemy dies (1.5752ms)
✔ invalid endless levels cannot create nonfinite difficulty or an undefined chapter (0.2827ms)
✔ an endless checkpoint beyond station one thousand preserves its route and build contract (0.4452ms)
✔ backs up a Chinese character to keep the closing quote and full stop on their line (4.7446ms)
✔ moves an opening quote with its text and keeps consecutive punctuation together (0.5231ms)
✔ mixed Chinese and English uses measured widths and preserves fitting Latin words (1.3015ms)
✔ preserves explicit line breaks, empty paragraphs and trailing paragraph breaks (0.3633ms)
✔ never breaks a combining character or joined emoji apart (0.491ms)
✔ invalid widths and impossible measurements fail explicitly rather than looping or overflowing (0.9008ms)
✔ every actual story body obeys punctuation rules at the 460px column with representative font widths (4.7533ms)
ℹ tests 326
ℹ suites 0
ℹ pass 326
ℹ fail 0
ℹ cancelled 0
ℹ skipped 0
ℹ todo 0
ℹ duration_ms 2419.1756

> shadow-legion@1.4.0-alpha.2 build
> tsc && vite build

vite v6.4.3 building for production...
transforming...
✓ 70 modules transformed.
rendering chunks...
computing gzip size...
../dist/index.html                   10.09 kB │ gzip:   3.66 kB
../dist/assets/index-CK6S0itx.js  1,849.69 kB │ gzip: 467.57 kB
node.exe : 
At line:1 char:1
+ & "C:\Program Files\nodejs/node.exe" "C:\Program Files\nodejs/node_mo ...
+ ~~~~~~~~~~~~~~~~~~~~~~~~~~~~~~~~~~~~~~~~~~~~~~~~~~~~~~~~~~~~~~~~~~~~~
    + CategoryInfo          : NotSpecified: (:String) [], RemoteException
    + FullyQualifiedErrorId : NativeCommandError
 
(!) Some chunks are larger than 500 kB after minification. Consider:
- Using dynamic import() to code-split the application
- Use build.rollupOptions.output.manualChunks to improve chunking: https://rollupjs.org/configuration-options/#output-m
anualchunks
- Adjust chunk size limit for this warning via build.chunkSizeWarningLimit.
✓ built in 7.76s

> shadow-legion@1.4.0-alpha.2 check:dist
> node scripts/check-dist.mjs

Production package passed: 8 files, 11.53 MB raw, 467.6 kB gzipped JS.
Relative assets verified; browser rendering, performance and usability require separate real-browser checks.

> shadow-legion@1.4.0-alpha.2 check:security
> npm audit --audit-level=moderate

found 0 vulnerabilities
Prepared static release: D:\Code\Game\release\shadow-legion-web-1.4.0-alpha.2-2026-09-12T16-08-50-778Z
Includes 11 hashed files, deployment notes and dependency license notices. No upload performed.
