
> shadow-legion@1.4.0-alpha.4 release:web
> npm run check && npm run check:security && node scripts/prepare-web-release.mjs


> shadow-legion@1.4.0-alpha.4 check
> npm run test && npm run build && npm run check:dist


> shadow-legion@1.4.0-alpha.4 test
> node --import ./scripts/test-loader.mjs --test src/test/*.test.mjs

✔ an exhausted upgrade pool consumes all opening drafts and starts combat once (9.5438ms)
✔ an exhausted station reward preserves the endless run instead of opening a fresh draft (0.7002ms)
✔ the forest letter survives export and restore without granting campaign stars or currency (7.449ms)
✔ an old backup without postal data preserves the exact current forest journey (0.9742ms)
✔ postal backup rejects missing address proof and protects a newer current journey (1.0497ms)
✔ a refused postal restore rolls every preceding game section back to its original bytes (23.3933ms)
✔ the tenth domain preserves lake nodes, delivery receipt, optional discovery and derived safe dock through backup (4.0367ms)
✔ an old nine-domain backup preserves exact current journey bytes instead of erasing newer progress (1.5999ms)
✔ journey backup sanitization rejects impossible lake delivery, unknown nodes and future versions before writing (1.9408ms)
✔ a refused tenth-domain write rolls earlier imported data back including original v1 bytes (1.4871ms)
✔ restoring an empty valid v2 does not prevent real later forest completion from opening the lake (0.868ms)
✔ v2 backup preview and export are read-only, and explicit restore writes its valid v4 migration (1.5107ms)
✔ v2 backups cannot claim mountain nodes, receipts or discoveries from the later schema (1.5695ms)
✔ a v3 postcard backup without the first confirmed mountain relay is rejected before any write (0.9002ms)
✔ the same tenth domain round-trips mountain receipt and checkpoints, opening desert but keeping snow locked (2.0345ms)
✔ a migration readback failure rolls back the exact v2 and v1 bytes and can be retried (1.2136ms)
✔ lake, mountain and desert scenes forbid restoring from another menu while active, paused or sleeping (0.4988ms)
✔ full v3 mountain backups preview and export without rewriting old bytes, then restore as v4 (1.7491ms)
✔ desert checkpoints and the independent fourth delivery survive the same ten-domain backup (5.0461ms)
✔ v2 and v3 backups reject desert claims, while v4 also requires the complete address before a cushion (4.7398ms)
✔ v3 migration restore with lost readback rolls back exact old journey bytes and succeeds on explicit retry (2.7569ms)
✔ a future shadow reward ledger is rejected on export, preview and restore without erasing it (0.7173ms)
✔ individual shadow rewards survive backup without inventing preceding tier payments (1.3688ms)
✔ a durable unpaid campaign reward survives backup and is reconciled exactly once (3.4203ms)
✔ export reads exactly the ten game keys and preview performs no storage access or writes (0.8627ms)
✔ full backup round-trips growth, route, profile, settings, scores, trials, tutorial, samples and checkpoint (5.9126ms)
✔ preview rejects broken envelopes, future versions, missing growth and foreign sections without mutation (1.3195ms)
✔ the size limit counts UTF-8 bytes and rejects oversized individual domains (5.2278ms)
✔ domain sanitizers remove unrecognized fields and bound counters without importing executable or prototype data (1.4549ms)
✔ partial backups rebuild the route from imported growth and preserve absent optional game keys (2.5547ms)
✔ explicit null values preview removal and clear only the corresponding game keys (0.4938ms)
✔ invalid checkpoint cards, inconsistent modes and malformed domain containers are rejected before writing (0.8572ms)
✔ v2 saves migrate through the same Meta and Campaign sanitizers without granting currency (1.1874ms)
✔ read failure aborts before any writes and future current saves are never overwritten (1.0923ms)
✔ a later failed write rolls back earlier changes and preserves the original byte strings (0.6505ms)
✔ rollback handles a storage adapter that writes then throws and a removed key (0.6364ms)
✔ silent discarded writes are detected and rollback failure is explicitly distinguished from success (0.6492ms)
✔ exports do not silently replace corrupt or future saved data with a fresh-looking backup (0.3366ms)
✔ restore revalidates modified preview text rather than trusting a mutable prepared object (0.3208ms)
✔ safe endless limits survive Meta, leaderboard and checkpoint backup round-trip while rewards stay capped (6.1491ms)
✔ an already focused browser initializes input, while real blur still pauses it (10.6108ms)
✔ new campaign starts at 1-1 and rejects locked or invalid stage submissions (3.6557ms)
✔ clearing a stage stores three stars, unlocks exactly the next stage and uses one wallet (6.2749ms)
✔ duplicate completion does not add another clear, reward or faster fabricated record (1.7521ms)
✔ failure records an attempt without unlocking or awarding currency (1.1453ms)
✔ replays preserve best stars and the Meta reward cap prevents unlimited farming (3.5849ms)
✔ legacy chapter progress becomes one-star access without retroactive rewards (1.3032ms)
✔ sanitization reconstructs route access and ignores forged unlock counters (0.4737ms)
✔ corrupt or inaccessible storage fails safely and reports an unsaved result (0.6455ms)
✔ a wallet write can be retried with the same receipt without duplicating route progress (0.9371ms)
✔ a failed route write cannot create a wallet receipt or a duplicate clear on retry (0.9829ms)
✔ future campaign versions are preserved byte-for-byte on victory and defeat without wallet changes (0.6841ms)
✔ the save boundary independently rejects a newer route supplied after a supported read (0.4721ms)
✔ an unreadable route cannot be overwritten even when storage still accepts writes (0.3824ms)
✔ future-version protection preserves legacy migration and legitimate v1 writes and retries (6.9608ms)
✔ stage 15 wallet failure survives reload and reconciles the engineer unlock exactly once (8.5088ms)
✔ following stage 3 with stage 4 also settles the persisted unlock in receipt order (1.4632ms)
✔ failed or silently discarded queue acknowledgements never pay the same receipt twice (1.2332ms)
✔ a silently discarded initial route never reaches the wallet and its original receipt can retry (2.6661ms)
✔ unpaid receipts outlive the recent history and a full queue rejects new victories without dropping data (245.3386ms)
✔ old rc2 missing wallet progress is queued durably before reconciliation pays it (0.9858ms)
✔ old paid receipts with expired reward IDs cannot manufacture a new replay reward (0.891ms)
✔ old rc2 receipts recover missing higher stars and independent operative mastery (2.9471ms)
✔ reconciliation cannot pay a recovered legacy receipt before its queue is read back (0.377ms)
✔ reconciliation preserves future route versions and never drains their receipts into an older wallet (0.2049ms)
✔ walking uses alternating limbs and delayed tail/bag poses, not a whole-sprite wobble (3.2384ms)
✔ locomotion switches without threshold jitter and freezes its frame while paused (0.7947ms)
✔ holding a cloth keeps the paws steady while walking legs alternate, with pause and release preserving control (0.6762ms)
✔ dash and celebration finish once before returning to the appropriate locomotion state (0.3014ms)
✔ intentional movement immediately interrupts celebration, without reviving it after stopping (0.2315ms)
✔ resetting after a paused dash or rescue clears transient pose and locomotion hysteresis (0.2637ms)
✔ actual animator reset changes the visible frame immediately without modifying movement (0.5767ms)
✔ reduced motion suppresses idle flourishes while keeping actual running and dash feedback (0.3175ms)
✔ the actual animator changes only frame texture, retains body/scale, and keeps echo/mirror atlases distinct (0.484ms)
✔ actual shadow follow faces movement without a target, preserves idle direction, and still aims at enemies (1.5982ms)
✔ chapter checkpoint round-trips build choices and progress without live physics (4.3481ms)
✔ checkpoint keeps starting chapter for reward boundaries and migrates old checkpoints (0.7733ms)
✔ checkpoint rejects unknown versions, invalid classes and impossible card sequences (0.6576ms)
✔ corrupt, oversized or inaccessible checkpoint storage fails without crashing (0.6819ms)
✔ restoring a behavior recorder preserves cumulative chapter measurements (1.8298ms)
✔ recorder snapshots bound playtime and cannot restore invalid or negative counters (0.585ms)
✔ every campaign chapter has complete finite spawn data and a final boss (3.6275ms)
✔ maps keep lanes, cover and hazards inside the playable arena (4.809ms)
✔ chapter boundaries and endless wrap resolve the intended maps (0.4002ms)
✔ all four operatives have distinct builds and real signature skills (0.4833ms)
✔ cards have unique IDs and resolvable skill prerequisites (7.0872ms)
✔ skill levels clamp at both ends without producing invalid combat stats (0.9087ms)
✔ new saves grant the starting class without workshop power (1.7844ms)
✔ chapter completion persists every earned unlock and is idempotent (2.356ms)
✔ older partial saves restore unlocks from chapter progress (0.6201ms)
✔ corrupt JSON and unavailable storage recover without throwing (2.7228ms)
✔ save sanitization caps workshop ranks and filters unknown unlocks (0.4051ms)
✔ workshop rejects unaffordable purchases and charges exactly once per rank (0.861ms)
✔ first-clear build bonus is paid once and fastest completion persists (0.6776ms)
✔ starting at a late chapter cannot farm progress or claim a full campaign achievement (0.497ms)
✔ leaderboard persists every class, including engineer (0.5339ms)
✔ leaderboard retains the ten highest scores and ignores malformed entries (0.5032ms)
✔ behavior profiles distinguish moving from stationary play within bounded metrics (0.6994ms)
✔ only real ordered checkpoints restore progress; no dynamic sample, held corner or pending match is restored (3.3561ms)
✔ anchor and puzzle whitelists, safe positions and the preceding saved lesson are enforced by the actual model (1.0001ms)
✔ assignment checks its own 85px command range and never treats the request or an unassigned echo as arrival (0.904ms)
✔ a travelling or recalled echo cannot hold the cloth; the exact 24px occupancy boundary and actual grip range apply (0.8239ms)
✔ a short real cloth has no taut coverage; actual movement changes the rectangle rather than snapping its ends (0.8747ms)
✔ the target needs its complete 16px radius plus 8px margin, not merely its center beneath the cloth (0.5571ms)
✔ read requires the fresh actual player sample and a reachable 65px interaction instead of remote completion (0.3953ms)
✔ overstretch releases once at the last legal corner, which remains recoverable after moving back (0.4244ms)
✔ the whole cloth face hits stone even when both actors and all four corners are outside the stone rectangle (0.3905ms)
✔ a legal endpoint reached safely around the north cannot be reached by sweeping the same cloth through the stones (2.3763ms)
✔ explicit release and recall retain each local cloth corner and prevent changing anchors while a cloth is assigned (0.8934ms)
✔ two courtyard targets must be covered in one current pose, never accumulated across earlier placements (0.4797ms)
✔ an actual successful read emits once and remains pending across failed-save opportunities or recall attempts (0.5025ms)
✔ a matched read lays down the real corner while pending save, even when both cats later leave (0.6417ms)
✔ all three real correct poses can be read and saved sequentially without granting a delivery or skipping a puzzle (0.4585ms)
✔ echo movement, recall and malformed frames release an unfinished cloth without preserving stale coverage (0.3636ms)
✔ zero-time refresh handles real invalidation; positive elapsed time or repeated commands cannot fabricate a match (2.9574ms)
✔ snapshots and events deeply isolate every local grip, coverage flag, route and confirmed milestone (1.0452ms)
✔ shared safe geometry preserves 12px clearance, continuous path joins, every checkpoint and all authored echo routes (35.3429ms)
✔ a 12px actor can reach all command, grip, read and recovery locations by the fixed ground without relying on a held cloth (84.7711ms)
✔ F cannot replace E assignment or actual arrival at the cloth anchor (15.5961ms)
✔ actual inherited update walks the echo to its anchor and arrival alone never takes or completes the cloth (29.0059ms)
✔ ground pickup and continuous small-step unfolding only save after a separate F read (18.8376ms)
✔ an overstretch discovered by F drops the corner without reading or immediately picking it back up (4.4162ms)
✔ a stone collision discovered by F drops the nearby corner without a same-press pickup or read (9.3859ms)
✔ a fallen corner beside the sign is picked up before attempting its read and does not trap F in not-holding (4.748ms)
✔ E cancels and lays down the model before recalling the actual echo (3.793ms)
✔ wrong west assignment can be recalled and redispatched east along real safe walking paths (27.3232ms)
✔ refused node save remains matched pending: E cannot cancel and ticks never retry writes automatically (9.4506ms)
✔ retrying the last pending node at the recipient only saves that node, never delivers on the same F (9.3025ms)
✔ a refused match lays down its cloth: walking away never draws a long polygon and F still retries only the pending save (13.8662ms)
✔ lost node readback retains pending feedback until F confirms the durable node without writing again (4.9005ms)
✔ early NPC interactions never skip any of the three confirmed nodes (10.103ms)
✔ handover write refusal retries the same receipt and later chats never duplicate its save or feedback (10.3184ms)
✔ lost handover readback does not claim saved; retry confirms the same receipt with no extra write (7.7411ms)
✔ create restores four safe checkpoints from confirmed nodes without inventing a delivered letter (9.8772ms)
✔ the optional cushion requires all main nodes and its refused save never creates delivery or collection feedback (9.3309ms)
✔ locked or future-format journeys cannot create the desert walk or overwrite stored bytes (0.7661ms)
✔ a future save appearing in another tab is preserved when the active scene reaches a real match (2.7734ms)
✔ real Phaser 8ms key taps survive keyup and execute once in the actual Hero tick (3.4324ms)
✔ holding a real Key and OS repeats do not queue another discrete action (0.8459ms)
✔ multiple complete taps between ticks keep at most one request per action (0.4026ms)
✔ insufficient charge consumes the press rather than casting after later charge gain (0.6385ms)
✔ a press during dash cooldown is consumed and does not fire when cooldown expires (0.4957ms)
✔ the actual Arena gate and reset cancel requests across pause (0.6243ms)
✔ the actual Arena gate and reset cancel requests across blur (0.4108ms)
✔ the actual Arena gate and reset cancel requests across tutorial (0.3397ms)
✔ the actual Arena gate and reset cancel requests across upgrade (0.4097ms)
✔ the actual Arena gate and reset cancel requests across death (0.4069ms)
✔ the actual Arena gate and reset cancel requests across levelComplete (0.8467ms)
✔ the actual Arena gate and reset cancel requests across shutdown (0.2688ms)
✔ the actual Arena gate and reset cancel requests across openingDraft (0.1814ms)
✔ a held key reset by pause cannot create a new action from an OS repeat after resume (0.1625ms)
✔ destroying action input clears pending work and detaches real Key listeners (0.3723ms)
✔ the actual paused-to-running transition clears a pre-pause request before resuming (1.0606ms)
✔ the actual tutorial update clears a request even when the Hero tick is skipped (0.4278ms)
✔ entity method: knockback safely ignores an enemy destroyed by the triggering hit (7.4639ms)
✔ entity method: a live enemy still receives directional knockback (0.815ms)
✔ entity method: enemy tick stops after AI destroys itself during an explosion (6.5954ms)
✔ entity method: zero or invalid damage does not spend shields (0.461ms)
✔ entity method: shield grant of brief invulnerability prevents multiple hits consuming all shields (0.3324ms)
✔ entity method: homing piercing projectile skips targets already hit (0.517ms)
✔ upgrade method: a signature appearing in two pools still yields three unique choices (0.8187ms)
✔ upgrade method: exhausted skill levels disappear and injured camp can still receive repair (1.2351ms)
✔ upgrade method: chapter recovery card grants persistent regeneration with a three-stack cap (0.7745ms)
✔ journey reads are write-free and old campaign progress never opens the lake or planned regions (3.2371ms)
✔ partial real forest clues derive without migration and cannot manufacture a forest delivery (1.3511ms)
✔ first actual lake save migrates complete legacy proof while preserving every original v1 byte (1.676ms)
✔ an imported empty v2 can later see a real forest completion and persist that proof on the first lake action (1.2798ms)
✔ legacy clue merging is monotonic but does not infer a delivery from a complete-looking address (0.5706ms)
✔ a durable current forest receipt is independent of missing, corrupt or future v1 records (0.6663ms)
✔ lake nodes enforce their order and delivery requirements while optional discovery never gates the letter (9.7477ms)
✔ unknown nodes, discoveries, regions and invalid receipt values cannot create a write (0.5922ms)
✔ durable actions and delivery receipts are idempotent without replacing the original receipt (0.9227ms)
✔ each failed or silently refused milestone remains retryable and never advances its returned checkpoint (1.7018ms)
✔ a committed value with failed readback is safely confirmed after refresh without repeating the write (0.4316ms)
✔ future, malformed and oversized current domains are preserved instead of falling back over them (0.5309ms)
✔ write-before-read comparison detects a changing legacy proof or a newly arrived future journey (0.4087ms)
✔ journey sanitizer rejects forged dependencies and planned content, while dropping transient or executable extras (0.9681ms)
✔ valid v2 reads migrate only in memory until the first successful current mountain write (1.4242ms)
✔ an explicit duplicate v2 action migrates once without replacing its delivery receipt (0.7525ms)
✔ only a real lake delivery opens ordered mountain milestones and only its actual handover opens desert (1.2427ms)
✔ mountain node, discovery and letter writes are retryable and duplicates retain the original proof (2.1411ms)
✔ failed mountain receipt readback does not claim success and a refreshed retry confirms its single stored proof (1.0971ms)
✔ concurrent v2, v3 and v4 writes are preserved and retried against the latest journey (1.4032ms)
✔ the v2 allowlist cannot smuggle later mountain progress into the current migration (0.9059ms)
✔ current sanitizer rejects mountain dependency, order and receipt forgeries while retaining only stable state (1.4125ms)
✔ a mountain postcard without the saved first relay is impossible even when a real lake receipt exists (0.7028ms)
✔ valid v3 mountain progress remains byte-identical until a confirmed v4 desert save (1.7408ms)
✔ an explicit v3 duplicate confirms migration once without replacing mountain or forest receipts (0.8955ms)
✔ desert needs the actual mountain receipt, then three ordered nodes derive four safe checkpoints (2.1551ms)
✔ every desert milestone, optional find and delivery retries refused writes and preserves its first receipt (4.2635ms)
✔ lost readback on the final address or handover can confirm the actual durable desert result without a second write (1.6238ms)
✔ strict v2 and v3 historical allowlists reject later desert data instead of silently upgrading it (1.9512ms)
✔ v4 rejects impossible desert dependencies and transient state cannot become a saved position (1.8955ms)
✔ desert writes detect a concurrent v3 or v4 update and keep its newly saved optional discovery on retry (1.5525ms)
✔ real mid arrival retains pendingNode across persistent write failure and F cannot configure leaves or depart (8.8493ms)
✔ F confirms the pending real mid landing once and only a later F may perform its normal local action (2.1076ms)
✔ write success followed by landing readback failure retries the durable real node without a second arrival (1.6505ms)
✔ visiting the mailbox before a real arrival cannot deliver, both before sailing and during the second leg (1.9937ms)
✔ unconfirmed mail landing blocks delivery until F saves it, then a separate F actually hands over the letter (2.6975ms)
✔ normal repeated delivery does not repeat celebrations, delivery audio, writes or envelope visibility (12.9039ms)
✔ a refused handover keeps the visible letter and retry can deliver without repeating already saved dock milestones (2.238ms)
✔ successful handover write with failed readback is confirmed on retry and celebrated once (1.8686ms)
✔ real F refuses distant or unanchored departure and command must be followed by actual echo arrival (0.8912ms)
✔ pure F at two leaves uses actual spatial separation and returning to mid is required to launch (1.2656ms)
✔ a safe mail checkpoint resumes without a new arrival event or automatic delivery (2.1311ms)
✔ isSafe matches usable bank and boardwalk approaches, with a full 12px margin at wet deck edges (0.7399ms)
✔ the return bridge becomes walkable only after delivery and its 12px footprint has no artificial seam at x=936 (2.1042ms)
✔ the model publishes one bounded three-dock route with bank-side anchors and two distinct leaf choices (2.2648ms)
✔ issuing a command or placing an uncommanded echo near the boat cannot load or launch a letter (0.7207ms)
✔ dock actions reject a distant player and check the interaction boundary independently of scene input (0.3727ms)
✔ anchoring requires the actual echo within 24px and staying, with no stale proof after it leaves (0.2909ms)
✔ the first voyage really moves through the route and emits midDocked only at its exact final arrival (0.9252ms)
✔ transit rejects loading, commands, re-departure and leaf changes without changing the ongoing route (0.382ms)
✔ the two leaves cannot be preconfigured from start or manipulated remotely at the mid dock (30.1048ms)
✔ both correct directions are required, and revising a correct leaf to the wrong direction closes the route again (3.7284ms)
✔ after spatially separated leaf work, the player must return to mid and the echo must still hold there (0.3699ms)
✔ a full two-leg journey emits exactly one event per real dock and cannot depart again from the mailbox (0.8451ms)
✔ safe-dock resume restores ownership and completed arrivals without inventing events or restoring unsafe transient state (0.5686ms)
✔ zero or invalid delta never sails; a huge frame is bounded and cannot manufacture an arrival (0.3392ms)
✔ malformed actor coordinates or delta fail closed instead of reusing an old anchor proof (0.314ms)
✔ unknown leaf identifiers and impossible directions cannot set a ready route (0.1774ms)
✔ snapshots and shared route points are deeply readonly and cannot mutate later voyage behavior (0.6898ms)
✔ different valid frame partitions reach the same intermediate boat position and pause does not advance it (0.7979ms)
✔ local wave timing reports explicit sample counts and correct median/p90 (4.5696ms)
✔ wave timing retains only the most recent 120 observations (66.0097ms)
✔ invalid timing samples and broken storage never report fabricated observations (0.6519ms)
✔ five shadow challenges have readable tells, finite rounds and real encounter differences (1.6037ms)
✔ shadow records retain best time, separate tiers and reject corrupt inputs (5.0278ms)
✔ shadow record writes that throw never claim a saved first clear or improved time (0.4989ms)
✔ shadow record readback detects silent refusal without blocking independent wallet rewards (2.5374ms)
✔ shadow record readback errors stay unconfirmed and saved values follow existing bounds (0.564ms)
✔ a committed shadow write with failed readback retries the same ID without another win or faster time (0.5899ms)
✔ shadow completion IDs deduplicate retries while a different completion increments wins normally (0.3974ms)
✔ an unreadable shadow history is never replaced by a fresh-looking victory (0.3919ms)
✔ broken or oversized shadow history is left intact when recording cannot establish its contents (0.4726ms)
✔ shadow records keep eight recent IDs per tier and the maximum legal records stay below 8192 bytes (2.5398ms)
✔ backup export and restore retain shadow deduplication IDs so a recovered result cannot count twice (7.6291ms)
✔ backup and runtime sanitizers preserve the same eight newest legal shadow IDs (2.2308ms)
✔ checkpoints preserve explicit modes and reject mismatched stage chapters (0.803ms)
✔ the two authored patterns expose distinct ownership and Chinese visual symbols for silent play (23.1612ms)
✔ observe, assign and confirmation validate whitelist stations, unlock order and bounded coordinates (1.8779ms)
✔ instruction and assignment each require their own proximity and assignment does not fabricate echo arrival (0.7127ms)
✔ unassigned, travelling or recalled echo cannot produce a note even if commands are spammed (2.3172ms)
✔ the first echo note needs 900ms of real stable occupancy, including the exact 24px boundary (0.666ms)
✔ lesson plays two echo notes then waits without time pressure for the player at the bell location (0.5762ms)
✔ every player note checks its own fixed bell, and a wrong nearby note retains the matched prefix (0.4319ms)
✔ an echo that stops staying blocks player input until a fresh actual occupancy sample (0.3793ms)
✔ an unsaved lesson match emits once and cannot be cancelled, replayed or used to unlock pass (3.196ms)
✔ pass really alternates echo bell, player leaf, then echo sun instead of replaying the lesson pattern (1.044ms)
✔ explicit cancellation resets only the live attempt and requires a new real arrival after reassignment (0.3903ms)
✔ restore accepts only confirmed checkpoints and never restores observation, timing or an unsaved matching attempt (0.4253ms)
✔ paused and invalid updates cannot advance notes or preserve malformed occupancy, and a stalled frame is capped (0.3517ms)
✔ equivalent real frame partitions produce the same two-note prefix and cannot bank player-wait time (0.3526ms)
✔ snapshots, visual patterns, assignment routes and emitted events cannot mutate model state (1.0964ms)
✔ authored relay routes are whitelisted, connected safe paths and the pass echo genuinely walks a separate 400px route (2.8886ms)
✔ shared mountain geometry has continuous 12px joins, a real optional wind branch and a gate that blocks the entire bridge (6.1849ms)
✔ the wide main path reaches both relay sites without wind, while neither route bypasses the unconfirmed pass gate (180.6824ms)
✔ E requires observing the local score and F cannot replace assignment or actual echo arrival (16.4213ms)
✔ actual inherited echo movement follows the assigned waypoints and arrival enables its timed notes (6.7366ms)
✔ wrong physical bells preserve the played prefix and only the requested symbol completes the first relay (5.446ms)
✔ the echo bell draws the note just sounded during its feedback window rather than prematurely showing the next note (2.3814ms)
✔ first matched write refusal stays pending; E cannot cancel it and F retries only the save (4.2449ms)
✔ second match is emitted by update after the player reply and only confirmed persistence opens the gate (7.6116ms)
✔ a successful node write with failed readback keeps the gate closed until F confirms the durable node once (5.8801ms)
✔ visiting the recipient early never manufactures a delivery or bypasses either relay (2.7485ms)
✔ refused handover can be retried without repeating nodes; subsequent chats never repeat its receipt or celebration (6.4808ms)
✔ handover readback failure stays visibly unconfirmed and retries the same real receipt without another write (4.8248ms)
✔ real create derives only confirmed safe checkpoints and never invents a handover on resume (7.5822ms)
✔ optional cloud postcard requires the confirmed lesson and its failed save never plays collection feedback (2.6189ms)
✔ real scene create refuses locked or future-format journeys before creating a playable walk (0.7449ms)
✔ normal keyboard walking on the wide mountain road is unaffected throughout a windy phase (12.7846ms)
✔ the real flag drawing warns before side force begins, and a stationary exposed cat is then moved by that force (3.6019ms)
✔ the force ends with the gust and the flag cycle resets without retaining a phantom wind velocity (4.5546ms)
✔ a real Shift tap reduces sideways drift while its northward dash still executes exactly once (3.511ms)
✔ holding the opposite movement key can actively resist the exposed side wind without a dash (2.6614ms)
✔ a flag is recorded through actual walking, then an exposed gust restores that visited flag instead of an unvisited lookout (8.938ms)
✔ without a visited wind flag, leaving the edge uses the actual last safe footstep instead of inventing a checkpoint (4.6087ms)
✔ an unconfirmed lesson cannot open the wind path, register its flags or apply side force (1.3816ms)
✔ escape freezes the real wind clock, clears held motion and queued dash, and cannot resume while unfocused (1.8841ms)
✔ blur freezes the real wind clock, clears held motion and queued dash, and cannot resume while unfocused (5.9291ms)
✔ hidden freezes the real wind clock, clears held motion and queued dash, and cannot resume while unfocused (1.0557ms)
✔ the implemented 60px lookout shelter permits a genuine stationary rest through two complete wind cycles (69.7552ms)
✔ the shelter is a real bounded rest area, while its exposed outer rim still responds to the wind (0.8415ms)
✔ postal state persists every address fragment before idempotent delivery and never reads another game domain (3.4113ms)
✔ postal sanitizer rejects fabricated completions, unknown versions and invalid domain fields (1.074ms)
✔ postal storage failure and silent refusal retain visible retryable fragments (1.0381ms)
✔ postal failed final write never claims delivery; same receipt can be retried (0.4678ms)
✔ postal committed write with failed readback is confirmed by a duplicate retry without another write (1.5146ms)
✔ postal future version, malformed storage and unavailable reads are protected from writes (0.5734ms)
✔ postal invalid action input cannot change an otherwise valid story record (0.2547ms)
✔ postal returning to a fresh scene reads delivery and return shortcut from the single durable record (0.2789ms)
✔ postal read-before-write protection preserves a future version arriving during an action (0.2891ms)
✔ postal bridge collider stays enabled until the waiting companion actually reaches the bell stone (0.7684ms)
✔ postal bridge drawing only rebuilds on state changes while its actual collision enable is refreshed every tick (0.459ms)
✔ postal scene keeps a refused fragment visible and silent until an F interaction confirms storage (1.4131ms)
✔ postal scene unlocks its return shortcut and plays success only after the actual delivery write succeeds (0.6277ms)
✔ postal ground clicking creates a world-space walking target; right click only requests a short dash (0.7806ms)
✔ postal HUD, interactive UI, pause, loss of focus and closed scene never create mouse movement (0.3274ms)
✔ postal keyboard movement immediately cancels a click target, including opposing held directions (0.2708ms)
✔ postal point walking stops at its destination or after 400ms without approach; it never routes through obstacles (0.3624ms)
✔ postal clearing input removes mouse target and action requests before stopping movement (0.261ms)
✔ postal actual update emits one command and one accepted dash cue, with no cooldown or later auto-repeat cue (1.0545ms)
✔ postal audio initialization failure never interrupts a confirmed letter save (0.7503ms)
✔ postal pause and departure input clearing cancel the actual cat and echo transient animation states (0.8176ms)
✔ postal bindings preserve an actual Phaser Key 8ms tap, ignore paused presses and detach on shutdown (30.5527ms)
✔ lake: an isolated Escape tap pauses and a next-frame Enter tap resumes with the real Phaser queue (5.4237ms)
✔ lake: Escape then Enter within one frame consumes the old Escape event once despite resetKeys (1.3709ms)
✔ lake: one Escape tap while walking cannot leave when an earlier movement event remains queued (2.6697ms)
✔ lake: OS repeats and unrelated queued key events cannot convert a held pause key into an exit (0.9821ms)
✔ lake: a genuinely new Escape tap on the paused panel still exits once (0.9944ms)
✔ lake: an already blurred scene takes the paused Escape branch without any queue replay (0.7552ms)
✔ lake: Enter after a blur resumes safely and clears movement without executing queued interactions (0.7438ms)
✔ forest: an isolated Escape tap pauses and a next-frame Enter tap resumes with the real Phaser queue (1.1469ms)
✔ forest: Escape then Enter within one frame consumes the old Escape event once despite resetKeys (0.7871ms)
✔ forest: one Escape tap while walking cannot leave when an earlier movement event remains queued (0.7928ms)
✔ forest: OS repeats and unrelated queued key events cannot convert a held pause key into an exit (0.7606ms)
✔ forest: a genuinely new Escape tap on the paused panel still exits once (0.5744ms)
✔ forest: an already blurred scene takes the paused Escape branch without any queue replay (0.4936ms)
✔ forest: Enter after a blur resumes safely and clears movement without executing queued interactions (0.3976ms)
✔ postal mute and unknown cues create no AudioContext or nodes (2.486ms)
✔ postal cues have bounded middle-register tones, low gain and finite starts; repeated requests are rate limited (3.7063ms)
✔ postal unavailable AudioContext returns failure without throwing (0.739ms)
✔ postal partial audio failure stops and disconnects nodes already created (0.6365ms)
✔ postal suspended audio never schedules stale success tones and a later running context can play normally (0.737ms)
✔ postal walk retains actual Phaser 8ms action taps exactly once and holding cannot repeat them (8.919ms)
✔ postal pause clears pending taps, click destinations, held movement and transient animation before resuming (2.2577ms)
✔ actual blur and hidden handlers clear controls and cannot resume while the game remains unfocused (0.8639ms)
✔ postal pointer input filters HUD and interactive UI, and keyboard movement cancels point walking (1.563ms)
✔ postal closure detaches the real key, pointer and visibility listeners and cannot consume later input (0.7862ms)
✔ postal nonfinite or negative frame deltas never advance clock, companion distance or region simulation time (0.73ms)
✔ postal follower reaches a nearby player by actual queued shoreline footsteps instead of a direct water shortcut (7.6963ms)
✔ postal sendEcho preserves a distant companions old approach to an anchor without cutting across water (3.7038ms)
✔ postal recall during an unfinished approach retains both the old approach and the players newly walked return route (4.67ms)
✔ postal staying companion remembers the players real detour before following again (6.8674ms)
✔ postal long staying walk compresses closed detours without discarding a necessary shoreline corner (19.1424ms)
✔ postal safeSegment tests the interior and rejects a water shortcut even when both endpoints are dry (0.4494ms)
✔ postal fallback compression over 600 pending points preserves the only dry corner in its prefix (3.1413ms)
✔ postal normal following after long straight-line compression settles within the footstep interval plus follow gap (8.6752ms)
✔ a dispatched companion walks every bend of a known route and can return without cutting the interior (9.1068ms)
✔ recalling before the launch point discards the unvisited independent route and follows the old approach (3.6191ms)
✔ recalling partway through an independent route turns back along travelled corners without visiting its destination (5.0796ms)
✔ invalid dispatch routes cannot replace the current safe follower assignment (0.4509ms)
✔ first clears, higher stars and capped replays pay once with role-specific mastery (5.4251ms)
✔ fixed stage milestones unlock three characters and skills at 3, 8 and 15 (11.9359ms)
✔ research requires distinct clears, spends exact currency and cannot be purchased twice (2.4463ms)
✔ specializations require earned mastery and currency, then equip one with a real tradeoff (2.1754ms)
✔ each operative earns mastery independently across distinct stages with a hard ceiling (13.9292ms)
✔ battle application modifies the real Hero field contract including workshop and selected tradeoff (0.826ms)
✔ all twelve specializations retain a cost or drawback and affect supported combat fields (0.98ms)
✔ v2 migration preserves purchased ranks and currency, marks completed stages without first-clear grants (0.9498ms)
✔ malformed and future saves, invalid IDs and nonfinite numbers never create spendable values (0.9328ms)
✔ a refused localStorage write grants nothing, consumes nothing, and the same completion retries safely (0.8464ms)
✔ shadow and endless milestone rewards use durable records and capped role mastery (1.3472ms)
✔ a failed shadow reward remains retryable without charging it to another tier (0.4091ms)
✔ stage/profile statistics share completion IDs without double currency or false full-campaign wins (2.4674ms)
✔ finite campaign economy funds meaningful choices without requiring repeated easy-stage farming (29.8873ms)
✔ an endless defeat cannot obtain legacy run rewards when a caller omits the new mode field (0.4519ms)
✔ atlas build achievements require that operative to clear every stage, and never use one-stage time (9.8594ms)
✔ an unknown future save is left intact even if an older client tries to record a stage (0.3628ms)
✔ paid stage receipts remain idempotent after the global recent-event window is evicted (3.5368ms)
✔ save retry passes the original frozen completion and preserves first-clear presentation (2.846ms)
✔ a route-first-write failure retries the actual managers without another clear or payment (3.5635ms)
✔ a repeated save failure restarts with the same receipt and does not invent saved progress (0.4512ms)
✔ retry performs no stage writes for absent completion, absent result or an already saved result (0.4183ms)
✔ an unwritten result blocks the first map exit and accepts its explicit repeat (0.6294ms)
✔ an unwritten result blocks the first workshop exit and accepts its explicit repeat (0.2113ms)
✔ an unwritten result blocks the first escape exit and accepts its explicit repeat (0.1133ms)
✔ switching exits never reuses confirmation given for a different destination (0.2342ms)
✔ a durable route with a pending wallet reward permits all exits immediately (0.2573ms)
✔ a fully saved result and non-campaign result do not request discard confirmation (0.2539ms)
✔ tier-five wallet recovery grants only that tier once and does not repeat the saved trial victory (0.931ms)
✔ tier-five trial-record recovery leaves an already paid wallet and mastery untouched (0.3518ms)
✔ a failed habit diary is retried after the stage reward is saved without adding another run or reward (0.9845ms)
✔ a partially saved shadow victory and an unsaved habit diary require explicit repeated departure (0.4472ms)
✔ a committed shadow victory with failed verification is recovered without another win or wallet payment (0.3727ms)
✔ first-run settings honor OS reduced-motion preference with restrained volume (2.447ms)
✔ saved settings clamp volume and reject non-boolean preferences (0.597ms)
✔ corrupt settings recover and blocked storage still allows session preferences (0.6163ms)
✔ explicit accessibility choice persists and returned objects cannot change stored state (0.3728ms)
✔ choosing tier 5 first pays only tier 5, then tier 1 still earns its actual first-clear reward (4.2443ms)
✔ all five tiers pay the same bounded total in arbitrary order and remain paid after receipt eviction (1.5604ms)
✔ currency is shared per tier while mastery is independent per operative and exact tier (0.6647ms)
✔ legacy highest-tier prefixes migrate as already paid without retroactive rewards or wallet changes (0.9002ms)
✔ legacy tier 5 rewards cannot be claimed again even if the old wallet was spent (0.8193ms)
✔ throwing storage leaves a tier retryable and a later tier never implicitly claims it (0.6681ms)
✔ silent write refusal is not reported as a saved reward and the same completion can retry (0.3676ms)
✔ failed migration write preserves old paid prefixes and retries only the new exact tier (0.803ms)
✔ future outer or reward-ledger versions stay byte-for-byte protected from mutation (0.7018ms)
✔ unreadable storage is protected and can later recover without a phantom receipt (0.4864ms)
✔ new exact-tier ledgers sanitize invalid entries without rebuilding a highest-tier prefix (0.6502ms)
✔ a committed write with failed verification cannot pay again when the same completion retries (0.4043ms)
✔ new players get a useful training companion without a saved profile (1.6701ms)
✔ hostile or damaged profile fields never create nonfinite combat values (0.5361ms)
✔ recorded play styles create different companion behavior with capped firepower (0.3145ms)
✔ shadow cover blocks crossed, parallel-edge and embedded segments symmetrically (0.4398ms)
✔ shadow targeting ignores dead, distant and covered enemies (0.363ms)
✔ tactician prioritizes support roles while a nearby camp threat wins priority (0.2551ms)
✔ chapter objectives teach commands, core defense and local terrain with one-time rewards (0.5028ms)
✔ shadow trial replaces the chapter exercise and cannot complete from ordinary kills (0.2044ms)
✔ campaign contains five chapters of ten stable, individually named stages (3.7015ms)
✔ all fifty stages have real encounter and route differences with valid enemies (4.3826ms)
✔ every stage map has distinct geometry and all declared approaches fit a boss (18.9387ms)
✔ stage objectives only request terrain and enemy roles that occur in that stage (1.4987ms)
✔ stars are earned independently and a failed stage never earns a star (0.4447ms)
✔ map and encounter getters return independent objects for scene mutations (0.5846ms)
✔ the book contains a three-page opening, five two-page replies and a three-page ending in causal address order (2.2286ms)
✔ reading-length bounds leave enough space for static pages without forced timing or truncated prose (0.5366ms)
✔ story unlocks follow saved consecutive chapter boundaries, not cached counters or isolated high-stage clears (0.6245ms)
✔ failed, malformed and missing stage records do not unlock a letter while migrated real clears do (0.3197ms)
✔ chapter completion suggests only its letter, with the final letter before the epilogue (0.2457ms)
✔ a real forest delivery unlocks its reply independently without granting future letters or altering campaign progress (0.3681ms)
✔ return routing rejects scene loops, battle/results and malformed inputs; safe readers discard payloads (0.2915ms)
✔ return routing preserves bounded navigation only and cannot smuggle result or resume state (0.3253ms)
✔ request resolution keeps an authorized return route when falling back from an unavailable story and never mutates progress (0.2809ms)
✔ page navigation clamps previous, restarts freely, and finishes only on the last page (0.3118ms)
✔ real postal receipts unlock consecutive replies without combat stars or story reward writes (0.4035ms)
✔ a mountain reply requires consecutive real receipts and its safe return discards supplied completion payloads (0.2506ms)
✔ a real fourth receipt unlocks the two-page desert reply and a DesertScene return cannot forge completion (0.4071ms)
✔ real StoryScene controller exits once on final next or skip and resets on re-entry without recording progress (0.7776ms)
✔ hero and companion damage each receive one terrain credit only when an active zone loses real enemy HP (1.7021ms)
✔ invalid hits, dead targets and dodge-rounded zero damage never add terrain credit (0.2221ms)
✔ lethal damage preserves entity death effects and credits the position before synchronous death listeners move it (0.3266ms)
✔ ShadowRival retains shadowDefeated then enemyDeath exactly once through the common damage entry (0.3278ms)
✔ pulse terrain only credits its own active damaging pulses, never hero or companion hits in the lane (0.3243ms)
✔ all formerly omitted direct attack paths now credit effective terrain damage (0.9631ms)
✔ real projectile handling rejects zero-damage seventh piercing hits and keeps shadow shots outside player on-hit bonuses (0.4444ms)
✔ the 19 terrain objectives retain their thresholds and only the five pulse stages advertise lamp damage (8.4179ms)
✔ stage 11 final hero terrain hit reaches its goal before the real wave event saves three stars (7.7258ms)
✔ stage 11 final shadow terrain hit reaches its goal before the real wave event saves three stars (1.0598ms)
✔ stage 21 final hero terrain hit reaches its goal before the real wave event saves three stars (0.9482ms)
✔ stage 21 final shadow terrain hit reaches its goal before the real wave event saves three stars (0.7983ms)
✔ stage 31 final pulse terrain hit reaches its goal before the real wave event saves three stars (6.597ms)
✔ queued encounters wait at the shared entity budget and finish only after every queued enemy dies (2.8041ms)
✔ invalid endless levels cannot create nonfinite difficulty or an undefined chapter (0.5836ms)
✔ an endless checkpoint beyond station one thousand preserves its route and build contract (0.8558ms)
✔ backs up a Chinese character to keep the closing quote and full stop on their line (4.6808ms)
✔ moves an opening quote with its text and keeps consecutive punctuation together (0.4058ms)
✔ mixed Chinese and English uses measured widths and preserves fitting Latin words (1.0771ms)
✔ preserves explicit line breaks, empty paragraphs and trailing paragraph breaks (0.2817ms)
✔ never breaks a combining character or joined emoji apart (0.479ms)
✔ invalid widths and impossible measurements fail explicitly rather than looping or overflowing (0.8679ms)
✔ every actual story body obeys punctuation rules at the 460px column with representative font widths (30.9029ms)
ℹ tests 442
ℹ suites 0
ℹ pass 442
ℹ fail 0
ℹ cancelled 0
ℹ skipped 0
ℹ todo 0
ℹ duration_ms 3073.8624

> shadow-legion@1.4.0-alpha.4 build
> tsc && vite build

vite v6.4.3 building for production...
transforming...
✓ 78 modules transformed.
rendering chunks...
computing gzip size...
../dist/index.html                   10.09 kB │ gzip:   3.66 kB
../dist/assets/index-CbuzvzsF.js  1,926.50 kB │ gzip: 493.47 kB
npm.cmd : 
At line:4 char:1
+ & npm.cmd run release:web 2>&1 | Out-File -LiteralPath docs/qa/1.4.0- ...
+ ~~~~~~~~~~~~~~~~~~~~~~~~~~~~~~
    + CategoryInfo          : NotSpecified: (:String) [], RemoteException
    + FullyQualifiedErrorId : NativeCommandError
 
(!) Some chunks are larger than 500 kB after minification. Consider:
- Using dynamic import() to code-split the application
- Use build.rollupOptions.output.manualChunks to improve chunking: https://rollupjs.org/configuration-options/#output-m
anualchunks
- Adjust chunk size limit for this warning via build.chunkSizeWarningLimit.
✓ built in 10.11s

> shadow-legion@1.4.0-alpha.4 check:dist
> node scripts/check-dist.mjs

Production package passed: 8 files, 11.60 MB raw, 493.5 kB gzipped JS.
Relative assets verified; browser rendering, performance and usability require separate real-browser checks.

> shadow-legion@1.4.0-alpha.4 check:security
> npm audit --audit-level=moderate

found 0 vulnerabilities
Prepared static release: D:\Code\Game\release\shadow-legion-web-1.4.0-alpha.4-2026-09-12T17-50-55-453Z
Includes 11 hashed files, deployment notes and dependency license notices. No upload performed.
