
> shadow-legion@1.4.0-alpha.1 release:web
> npm run check && npm run check:security && node scripts/prepare-web-release.mjs


> shadow-legion@1.4.0-alpha.1 check
> npm run test && npm run build && npm run check:dist


> shadow-legion@1.4.0-alpha.1 test
> node --import ./scripts/test-loader.mjs --test src/test/*.test.mjs

✔ an exhausted upgrade pool consumes all opening drafts and starts combat once (1.7815ms)
✔ an exhausted station reward preserves the endless run instead of opening a fresh draft (0.3288ms)
✔ the forest letter survives export and restore without granting campaign stars or currency (7.4337ms)
✔ an old backup without postal data preserves the exact current forest journey (1.0647ms)
✔ postal backup rejects missing address proof and protects a newer current journey (1.0376ms)
✔ a refused postal restore rolls every preceding game section back to its original bytes (13.702ms)
✔ a future shadow reward ledger is rejected on export, preview and restore without erasing it (0.8422ms)
✔ individual shadow rewards survive backup without inventing preceding tier payments (1.5263ms)
✔ a durable unpaid campaign reward survives backup and is reconciled exactly once (3.3335ms)
✔ export reads exactly the nine game keys and preview performs no storage access or writes (0.8017ms)
✔ full backup round-trips growth, route, profile, settings, scores, trials, tutorial, samples and checkpoint (5.4401ms)
✔ preview rejects broken envelopes, future versions, missing growth and foreign sections without mutation (1.0741ms)
✔ the size limit counts UTF-8 bytes and rejects oversized individual domains (5.5737ms)
✔ domain sanitizers remove unrecognized fields and bound counters without importing executable or prototype data (1.1441ms)
✔ partial backups rebuild the route from imported growth and preserve absent optional game keys (2.1741ms)
✔ explicit null values preview removal and clear only the corresponding game keys (0.5099ms)
✔ invalid checkpoint cards, inconsistent modes and malformed domain containers are rejected before writing (1.1292ms)
✔ v2 saves migrate through the same Meta and Campaign sanitizers without granting currency (1.3674ms)
✔ read failure aborts before any writes and future current saves are never overwritten (0.7552ms)
✔ a later failed write rolls back earlier changes and preserves the original byte strings (0.5943ms)
✔ rollback handles a storage adapter that writes then throws and a removed key (0.5661ms)
✔ silent discarded writes are detected and rollback failure is explicitly distinguished from success (0.6767ms)
✔ exports do not silently replace corrupt or future saved data with a fresh-looking backup (0.3463ms)
✔ restore revalidates modified preview text rather than trusting a mutable prepared object (0.3317ms)
✔ safe endless limits survive Meta, leaderboard and checkpoint backup round-trip while rewards stay capped (1.1178ms)
✔ an already focused browser initializes input, while real blur still pauses it (2.3474ms)
✔ new campaign starts at 1-1 and rejects locked or invalid stage submissions (3.0892ms)
✔ clearing a stage stores three stars, unlocks exactly the next stage and uses one wallet (5.028ms)
✔ duplicate completion does not add another clear, reward or faster fabricated record (1.7547ms)
✔ failure records an attempt without unlocking or awarding currency (0.9612ms)
✔ replays preserve best stars and the Meta reward cap prevents unlimited farming (3.7556ms)
✔ legacy chapter progress becomes one-star access without retroactive rewards (0.5484ms)
✔ sanitization reconstructs route access and ignores forged unlock counters (0.3435ms)
✔ corrupt or inaccessible storage fails safely and reports an unsaved result (0.5473ms)
✔ a wallet write can be retried with the same receipt without duplicating route progress (4.8268ms)
✔ a failed route write cannot create a wallet receipt or a duplicate clear on retry (0.963ms)
✔ future campaign versions are preserved byte-for-byte on victory and defeat without wallet changes (0.6868ms)
✔ the save boundary independently rejects a newer route supplied after a supported read (0.881ms)
✔ an unreadable route cannot be overwritten even when storage still accepts writes (0.3759ms)
✔ future-version protection preserves legacy migration and legitimate v1 writes and retries (1.5111ms)
✔ stage 15 wallet failure survives reload and reconciles the engineer unlock exactly once (49.9532ms)
✔ following stage 3 with stage 4 also settles the persisted unlock in receipt order (2.4895ms)
✔ failed or silently discarded queue acknowledgements never pay the same receipt twice (1.3229ms)
✔ a silently discarded initial route never reaches the wallet and its original receipt can retry (0.5259ms)
✔ unpaid receipts outlive the recent history and a full queue rejects new victories without dropping data (272.0339ms)
✔ old rc2 missing wallet progress is queued durably before reconciliation pays it (0.6866ms)
✔ old paid receipts with expired reward IDs cannot manufacture a new replay reward (0.4906ms)
✔ old rc2 receipts recover missing higher stars and independent operative mastery (3.6179ms)
✔ reconciliation cannot pay a recovered legacy receipt before its queue is read back (0.4648ms)
✔ reconciliation preserves future route versions and never drains their receipts into an older wallet (0.2779ms)
✔ walking uses alternating limbs and delayed tail/bag poses, not a whole-sprite wobble (2.8715ms)
✔ locomotion switches without threshold jitter and freezes its frame while paused (0.8061ms)
✔ dash and celebration finish once before returning to the appropriate locomotion state (0.4045ms)
✔ intentional movement immediately interrupts celebration, without reviving it after stopping (0.259ms)
✔ resetting after a paused dash or rescue clears transient pose and locomotion hysteresis (0.3197ms)
✔ actual animator reset changes the visible frame immediately without modifying movement (0.7619ms)
✔ reduced motion suppresses idle flourishes while keeping actual running and dash feedback (0.3395ms)
✔ the actual animator changes only frame texture, retains body/scale, and keeps echo/mirror atlases distinct (0.4247ms)
✔ actual shadow follow faces movement without a target, preserves idle direction, and still aims at enemies (1.8522ms)
✔ chapter checkpoint round-trips build choices and progress without live physics (4.3316ms)
✔ checkpoint keeps starting chapter for reward boundaries and migrates old checkpoints (0.631ms)
✔ checkpoint rejects unknown versions, invalid classes and impossible card sequences (0.5063ms)
✔ corrupt, oversized or inaccessible checkpoint storage fails without crashing (0.5625ms)
✔ restoring a behavior recorder preserves cumulative chapter measurements (0.8335ms)
✔ recorder snapshots bound playtime and cannot restore invalid or negative counters (0.3433ms)
✔ every campaign chapter has complete finite spawn data and a final boss (19.7007ms)
✔ maps keep lanes, cover and hazards inside the playable arena (0.8188ms)
✔ chapter boundaries and endless wrap resolve the intended maps (0.431ms)
✔ all four operatives have distinct builds and real signature skills (0.6081ms)
✔ cards have unique IDs and resolvable skill prerequisites (0.7031ms)
✔ skill levels clamp at both ends without producing invalid combat stats (0.8545ms)
✔ new saves grant the starting class without workshop power (0.5861ms)
✔ chapter completion persists every earned unlock and is idempotent (3.2048ms)
✔ older partial saves restore unlocks from chapter progress (1.1344ms)
✔ corrupt JSON and unavailable storage recover without throwing (2.7266ms)
✔ save sanitization caps workshop ranks and filters unknown unlocks (0.4594ms)
✔ workshop rejects unaffordable purchases and charges exactly once per rank (0.8219ms)
✔ first-clear build bonus is paid once and fastest completion persists (0.5321ms)
✔ starting at a late chapter cannot farm progress or claim a full campaign achievement (0.5265ms)
✔ leaderboard persists every class, including engineer (0.4558ms)
✔ leaderboard retains the ten highest scores and ignores malformed entries (0.5222ms)
✔ behavior profiles distinguish moving from stationary play within bounded metrics (0.665ms)
✔ real Phaser 8ms key taps survive keyup and execute once in the actual Hero tick (4.2864ms)
✔ holding a real Key and OS repeats do not queue another discrete action (0.5357ms)
✔ multiple complete taps between ticks keep at most one request per action (0.4135ms)
✔ insufficient charge consumes the press rather than casting after later charge gain (0.4472ms)
✔ a press during dash cooldown is consumed and does not fire when cooldown expires (0.3067ms)
✔ the actual Arena gate and reset cancel requests across pause (0.608ms)
✔ the actual Arena gate and reset cancel requests across blur (0.3503ms)
✔ the actual Arena gate and reset cancel requests across tutorial (0.2621ms)
✔ the actual Arena gate and reset cancel requests across upgrade (0.2502ms)
✔ the actual Arena gate and reset cancel requests across death (0.416ms)
✔ the actual Arena gate and reset cancel requests across levelComplete (0.2604ms)
✔ the actual Arena gate and reset cancel requests across shutdown (0.2004ms)
✔ the actual Arena gate and reset cancel requests across openingDraft (0.1471ms)
✔ a held key reset by pause cannot create a new action from an OS repeat after resume (0.203ms)
✔ destroying action input clears pending work and detaches real Key listeners (0.3792ms)
✔ the actual paused-to-running transition clears a pre-pause request before resuming (0.5732ms)
✔ the actual tutorial update clears a request even when the Hero tick is skipped (0.4713ms)
✔ entity method: knockback safely ignores an enemy destroyed by the triggering hit (1.6226ms)
✔ entity method: a live enemy still receives directional knockback (0.3558ms)
✔ entity method: enemy tick stops after AI destroys itself during an explosion (0.4571ms)
✔ entity method: zero or invalid damage does not spend shields (0.4273ms)
✔ entity method: shield grant of brief invulnerability prevents multiple hits consuming all shields (0.3631ms)
✔ entity method: homing piercing projectile skips targets already hit (0.5679ms)
✔ upgrade method: a signature appearing in two pools still yields three unique choices (0.8562ms)
✔ upgrade method: exhausted skill levels disappear and injured camp can still receive repair (1.31ms)
✔ upgrade method: chapter recovery card grants persistent regeneration with a three-stack cap (0.7678ms)
✔ local wave timing reports explicit sample counts and correct median/p90 (4.3709ms)
✔ wave timing retains only the most recent 120 observations (68.7869ms)
✔ invalid timing samples and broken storage never report fabricated observations (1.1579ms)
✔ five shadow challenges have readable tells, finite rounds and real encounter differences (1.6565ms)
✔ shadow records retain best time, separate tiers and reject corrupt inputs (1.8391ms)
✔ shadow record writes that throw never claim a saved first clear or improved time (0.4219ms)
✔ shadow record readback detects silent refusal without blocking independent wallet rewards (2.0074ms)
✔ shadow record readback errors stay unconfirmed and saved values follow existing bounds (0.5413ms)
✔ a committed shadow write with failed readback retries the same ID without another win or faster time (0.5808ms)
✔ shadow completion IDs deduplicate retries while a different completion increments wins normally (0.3877ms)
✔ an unreadable shadow history is never replaced by a fresh-looking victory (0.4242ms)
✔ broken or oversized shadow history is left intact when recording cannot establish its contents (0.3742ms)
✔ shadow records keep eight recent IDs per tier and the maximum legal records stay below 8192 bytes (3.7232ms)
✔ backup export and restore retain shadow deduplication IDs so a recovered result cannot count twice (4.129ms)
✔ backup and runtime sanitizers preserve the same eight newest legal shadow IDs (0.6719ms)
✔ checkpoints preserve explicit modes and reject mismatched stage chapters (0.6653ms)
✔ postal state persists every address fragment before idempotent delivery and never reads another game domain (3.6197ms)
✔ postal sanitizer rejects fabricated completions, unknown versions and invalid domain fields (1.0571ms)
✔ postal storage failure and silent refusal retain visible retryable fragments (1.115ms)
✔ postal failed final write never claims delivery; same receipt can be retried (4.4323ms)
✔ postal committed write with failed readback is confirmed by a duplicate retry without another write (23.2519ms)
✔ postal future version, malformed storage and unavailable reads are protected from writes (0.7899ms)
✔ postal invalid action input cannot change an otherwise valid story record (1.6974ms)
✔ postal returning to a fresh scene reads delivery and return shortcut from the single durable record (1.7604ms)
✔ postal read-before-write protection preserves a future version arriving during an action (0.3667ms)
✔ postal bridge collider stays enabled until the waiting companion actually reaches the bell stone (1.7608ms)
✔ postal bridge drawing only rebuilds on state changes while its actual collision enable is refreshed every tick (0.5016ms)
✔ postal scene keeps a refused fragment visible and silent until an F interaction confirms storage (4.1932ms)
✔ postal scene unlocks its return shortcut and plays success only after the actual delivery write succeeds (0.6669ms)
✔ postal ground clicking creates a world-space walking target; right click only requests a short dash (1.052ms)
✔ postal HUD, interactive UI, pause, loss of focus and closed scene never create mouse movement (0.337ms)
✔ postal keyboard movement immediately cancels a click target, including opposing held directions (0.3762ms)
✔ postal point walking stops at its destination or after 400ms without approach; it never routes through obstacles (0.4319ms)
✔ postal clearing input removes mouse target and action requests before stopping movement (0.3375ms)
✔ postal actual update emits one command and one accepted dash cue, with no cooldown or later auto-repeat cue (1.2655ms)
✔ postal audio initialization failure never interrupts a confirmed letter save (0.7596ms)
✔ postal pause and departure input clearing cancel the actual cat and echo transient animation states (0.8408ms)
✔ postal bindings preserve an actual Phaser Key 8ms tap, ignore paused presses and detach on shutdown (28.1517ms)
✔ postal mute and unknown cues create no AudioContext or nodes (13.9226ms)
✔ postal cues have bounded middle-register tones, low gain and finite starts; repeated requests are rate limited (13.0147ms)
✔ postal unavailable AudioContext returns failure without throwing (2.1954ms)
✔ postal partial audio failure stops and disconnects nodes already created (0.7604ms)
✔ postal suspended audio never schedules stale success tones and a later running context can play normally (1.0197ms)
✔ first clears, higher stars and capped replays pay once with role-specific mastery (14.5835ms)
✔ fixed stage milestones unlock three characters and skills at 3, 8 and 15 (4.3597ms)
✔ research requires distinct clears, spends exact currency and cannot be purchased twice (1.8684ms)
✔ specializations require earned mastery and currency, then equip one with a real tradeoff (2.1558ms)
✔ each operative earns mastery independently across distinct stages with a hard ceiling (12.9331ms)
✔ battle application modifies the real Hero field contract including workshop and selected tradeoff (0.8209ms)
✔ all twelve specializations retain a cost or drawback and affect supported combat fields (0.9009ms)
✔ v2 migration preserves purchased ranks and currency, marks completed stages without first-clear grants (0.9603ms)
✔ malformed and future saves, invalid IDs and nonfinite numbers never create spendable values (4.2043ms)
✔ a refused localStorage write grants nothing, consumes nothing, and the same completion retries safely (1.3171ms)
✔ shadow and endless milestone rewards use durable records and capped role mastery (1.5583ms)
✔ a failed shadow reward remains retryable without charging it to another tier (24.1641ms)
✔ stage/profile statistics share completion IDs without double currency or false full-campaign wins (3.3468ms)
✔ finite campaign economy funds meaningful choices without requiring repeated easy-stage farming (15.6947ms)
✔ an endless defeat cannot obtain legacy run rewards when a caller omits the new mode field (0.4014ms)
✔ atlas build achievements require that operative to clear every stage, and never use one-stage time (8.1889ms)
✔ an unknown future save is left intact even if an older client tries to record a stage (0.323ms)
✔ paid stage receipts remain idempotent after the global recent-event window is evicted (3.4383ms)
✔ save retry passes the original frozen completion and preserves first-clear presentation (3.563ms)
✔ a route-first-write failure retries the actual managers without another clear or payment (3.8865ms)
✔ a repeated save failure restarts with the same receipt and does not invent saved progress (0.3191ms)
✔ retry performs no stage writes for absent completion, absent result or an already saved result (0.2872ms)
✔ an unwritten result blocks the first map exit and accepts its explicit repeat (0.4598ms)
✔ an unwritten result blocks the first workshop exit and accepts its explicit repeat (0.1994ms)
✔ an unwritten result blocks the first escape exit and accepts its explicit repeat (0.1114ms)
✔ switching exits never reuses confirmation given for a different destination (0.2423ms)
✔ a durable route with a pending wallet reward permits all exits immediately (0.2659ms)
✔ a fully saved result and non-campaign result do not request discard confirmation (0.2733ms)
✔ tier-five wallet recovery grants only that tier once and does not repeat the saved trial victory (0.9607ms)
✔ tier-five trial-record recovery leaves an already paid wallet and mastery untouched (0.4512ms)
✔ a failed habit diary is retried after the stage reward is saved without adding another run or reward (1.2245ms)
✔ a partially saved shadow victory and an unsaved habit diary require explicit repeated departure (0.5045ms)
✔ a committed shadow victory with failed verification is recovered without another win or wallet payment (0.4701ms)
✔ first-run settings honor OS reduced-motion preference with restrained volume (2.6896ms)
✔ saved settings clamp volume and reject non-boolean preferences (0.5559ms)
✔ corrupt settings recover and blocked storage still allows session preferences (0.5426ms)
✔ explicit accessibility choice persists and returned objects cannot change stored state (0.4105ms)
✔ choosing tier 5 first pays only tier 5, then tier 1 still earns its actual first-clear reward (4.7789ms)
✔ all five tiers pay the same bounded total in arbitrary order and remain paid after receipt eviction (1.6254ms)
✔ currency is shared per tier while mastery is independent per operative and exact tier (2.4263ms)
✔ legacy highest-tier prefixes migrate as already paid without retroactive rewards or wallet changes (1.0632ms)
✔ legacy tier 5 rewards cannot be claimed again even if the old wallet was spent (0.6915ms)
✔ throwing storage leaves a tier retryable and a later tier never implicitly claims it (0.5725ms)
✔ silent write refusal is not reported as a saved reward and the same completion can retry (0.3622ms)
✔ failed migration write preserves old paid prefixes and retries only the new exact tier (0.7164ms)
✔ future outer or reward-ledger versions stay byte-for-byte protected from mutation (0.635ms)
✔ unreadable storage is protected and can later recover without a phantom receipt (0.3881ms)
✔ new exact-tier ledgers sanitize invalid entries without rebuilding a highest-tier prefix (0.543ms)
✔ a committed write with failed verification cannot pay again when the same completion retries (0.4078ms)
✔ new players get a useful training companion without a saved profile (3.5502ms)
✔ hostile or damaged profile fields never create nonfinite combat values (0.5386ms)
✔ recorded play styles create different companion behavior with capped firepower (0.3019ms)
✔ shadow cover blocks crossed, parallel-edge and embedded segments symmetrically (0.5083ms)
✔ shadow targeting ignores dead, distant and covered enemies (0.343ms)
✔ tactician prioritizes support roles while a nearby camp threat wins priority (0.2387ms)
✔ chapter objectives teach commands, core defense and local terrain with one-time rewards (0.4737ms)
✔ shadow trial replaces the chapter exercise and cannot complete from ordinary kills (0.1774ms)
✔ campaign contains five chapters of ten stable, individually named stages (3.5922ms)
✔ all fifty stages have real encounter and route differences with valid enemies (4.699ms)
✔ every stage map has distinct geometry and all declared approaches fit a boss (27.8742ms)
✔ stage objectives only request terrain and enemy roles that occur in that stage (1.618ms)
✔ stars are earned independently and a failed stage never earns a star (0.4681ms)
✔ map and encounter getters return independent objects for scene mutations (0.6254ms)
✔ the book contains a three-page opening, five two-page replies and a three-page ending in causal address order (1.4886ms)
✔ reading-length bounds leave enough space for static pages without forced timing or truncated prose (0.4291ms)
✔ story unlocks follow saved consecutive chapter boundaries, not cached counters or isolated high-stage clears (0.4161ms)
✔ failed, malformed and missing stage records do not unlock a letter while migrated real clears do (0.2387ms)
✔ chapter completion suggests only its letter, with the final letter before the epilogue (0.2372ms)
✔ a real forest delivery unlocks its reply independently without granting future letters or altering campaign progress (0.4005ms)
✔ return routing rejects scene loops, battle/results and malformed inputs; safe readers discard payloads (0.3231ms)
✔ return routing preserves bounded navigation only and cannot smuggle result or resume state (0.3213ms)
✔ request resolution keeps an authorized return route when falling back from an unavailable story and never mutates progress (0.3514ms)
✔ page navigation clamps previous, restarts freely, and finishes only on the last page (0.3602ms)
✔ real StoryScene controller exits once on final next or skip and resets on re-entry without recording progress (0.6482ms)
✔ hero and companion damage each receive one terrain credit only when an active zone loses real enemy HP (1.7844ms)
✔ invalid hits, dead targets and dodge-rounded zero damage never add terrain credit (0.2712ms)
✔ lethal damage preserves entity death effects and credits the position before synchronous death listeners move it (0.2971ms)
✔ ShadowRival retains shadowDefeated then enemyDeath exactly once through the common damage entry (0.2298ms)
✔ pulse terrain only credits its own active damaging pulses, never hero or companion hits in the lane (0.3217ms)
✔ all formerly omitted direct attack paths now credit effective terrain damage (0.9613ms)
✔ real projectile handling rejects zero-damage seventh piercing hits and keeps shadow shots outside player on-hit bonuses (0.4172ms)
✔ the 19 terrain objectives retain their thresholds and only the five pulse stages advertise lamp damage (2.957ms)
✔ stage 11 final hero terrain hit reaches its goal before the real wave event saves three stars (7.0021ms)
✔ stage 11 final shadow terrain hit reaches its goal before the real wave event saves three stars (1.38ms)
✔ stage 21 final hero terrain hit reaches its goal before the real wave event saves three stars (1.6088ms)
✔ stage 21 final shadow terrain hit reaches its goal before the real wave event saves three stars (0.93ms)
✔ stage 31 final pulse terrain hit reaches its goal before the real wave event saves three stars (1.4275ms)
✔ queued encounters wait at the shared entity budget and finish only after every queued enemy dies (2.928ms)
✔ invalid endless levels cannot create nonfinite difficulty or an undefined chapter (0.6122ms)
✔ an endless checkpoint beyond station one thousand preserves its route and build contract (0.8833ms)
✔ backs up a Chinese character to keep the closing quote and full stop on their line (5.4315ms)
✔ moves an opening quote with its text and keeps consecutive punctuation together (0.4904ms)
✔ mixed Chinese and English uses measured widths and preserves fitting Latin words (1.2099ms)
✔ preserves explicit line breaks, empty paragraphs and trailing paragraph breaks (0.2869ms)
✔ never breaks a combining character or joined emoji apart (0.4511ms)
✔ invalid widths and impossible measurements fail explicitly rather than looping or overflowing (0.8775ms)
✔ every actual story body obeys punctuation rules at the 460px column with representative font widths (5.2016ms)
ℹ tests 248
ℹ suites 0
ℹ pass 248
ℹ fail 0
ℹ cancelled 0
ℹ skipped 0
ℹ todo 0
ℹ duration_ms 2670.103

> shadow-legion@1.4.0-alpha.1 build
> tsc && vite build

vite v6.4.3 building for production...
transforming...
✓ 63 modules transformed.
rendering chunks...
computing gzip size...
../dist/index.html                   10.09 kB │ gzip:   3.66 kB
../dist/assets/index-D5VG81Rx.js  1,806.85 kB │ gzip: 453.58 kB
npm.cmd : 
At line:3 char:1
+ npm.cmd run release:web 2>&1 | Tee-Object -FilePath docs/qa/1.4.0-alp ...
+ ~~~~~~~~~~~~~~~~~~~~~~~~~~~~
    + CategoryInfo          : NotSpecified: (:String) [], RemoteException
    + FullyQualifiedErrorId : NativeCommandError
 
(!) Some chunks are larger than 500 kB after minification. Consider:
- Using dynamic import() to code-split the application
- Use build.rollupOptions.output.manualChunks to improve chunking: https://rollupjs.org/configuration-options/#output-m
anualchunks
- Adjust chunk size limit for this warning via build.chunkSizeWarningLimit.
✓ built in 7.45s

> shadow-legion@1.4.0-alpha.1 check:dist
> node scripts/check-dist.mjs

Production package passed: 8 files, 11.48 MB raw, 453.6 kB gzipped JS.
Relative assets verified; browser rendering, performance and usability require separate real-browser checks.

> shadow-legion@1.4.0-alpha.1 check:security
> npm audit --audit-level=moderate

found 0 vulnerabilities
Prepared static release: D:\Code\Game\release\shadow-legion-web-1.4.0-alpha.1-2026-09-12T15-16-53-547Z
Includes 11 hashed files, deployment notes and dependency license notices. No upload performed.
