
> shadow-legion@1.4.0-alpha.3 release:web
> npm run check && npm run check:security && node scripts/prepare-web-release.mjs


> shadow-legion@1.4.0-alpha.3 check
> npm run test && npm run build && npm run check:dist


> shadow-legion@1.4.0-alpha.3 test
> node --import ./scripts/test-loader.mjs --test src/test/*.test.mjs

✔ an exhausted upgrade pool consumes all opening drafts and starts combat once (2.5987ms)
✔ an exhausted station reward preserves the endless run instead of opening a fresh draft (0.5469ms)
✔ the forest letter survives export and restore without granting campaign stars or currency (16.7231ms)
✔ an old backup without postal data preserves the exact current forest journey (0.94ms)
✔ postal backup rejects missing address proof and protects a newer current journey (0.8922ms)
✔ a refused postal restore rolls every preceding game section back to its original bytes (14.7711ms)
✔ the tenth domain preserves lake nodes, delivery receipt, optional discovery and derived safe dock through backup (4.2657ms)
✔ an old nine-domain backup preserves exact current journey bytes instead of erasing newer progress (1.5032ms)
✔ journey backup sanitization rejects impossible lake delivery, unknown nodes and future versions before writing (1.7341ms)
✔ a refused tenth-domain write rolls earlier imported data back including original v1 bytes (1.4189ms)
✔ restoring an empty valid v2 does not prevent real later forest completion from opening the lake (0.8436ms)
✔ v2 backup preview and export are read-only, and explicit restore writes its valid v3 migration (1.4268ms)
✔ v2 backups cannot claim mountain nodes, receipts or discoveries from the later schema (1.2581ms)
✔ a v3 postcard backup without the first confirmed mountain relay is rejected before any write (0.7183ms)
✔ the same tenth domain round-trips mountain receipt, checkpoints and discoveries without opening planned regions (1.7734ms)
✔ a migration readback failure rolls back the exact v2 and v1 bytes and can be retried (1.0762ms)
✔ lake and mountain scenes forbid restoring from another open menu while active, paused or sleeping (0.5578ms)
✔ a future shadow reward ledger is rejected on export, preview and restore without erasing it (0.5035ms)
✔ individual shadow rewards survive backup without inventing preceding tier payments (1.4078ms)
✔ a durable unpaid campaign reward survives backup and is reconciled exactly once (2.9384ms)
✔ export reads exactly the ten game keys and preview performs no storage access or writes (0.7223ms)
✔ full backup round-trips growth, route, profile, settings, scores, trials, tutorial, samples and checkpoint (4.9054ms)
✔ preview rejects broken envelopes, future versions, missing growth and foreign sections without mutation (0.9522ms)
✔ the size limit counts UTF-8 bytes and rejects oversized individual domains (5.0128ms)
✔ domain sanitizers remove unrecognized fields and bound counters without importing executable or prototype data (0.9771ms)
✔ partial backups rebuild the route from imported growth and preserve absent optional game keys (1.7165ms)
✔ explicit null values preview removal and clear only the corresponding game keys (0.7684ms)
✔ invalid checkpoint cards, inconsistent modes and malformed domain containers are rejected before writing (0.8439ms)
✔ v2 saves migrate through the same Meta and Campaign sanitizers without granting currency (0.9298ms)
✔ read failure aborts before any writes and future current saves are never overwritten (0.5814ms)
✔ a later failed write rolls back earlier changes and preserves the original byte strings (0.4027ms)
✔ rollback handles a storage adapter that writes then throws and a removed key (0.382ms)
✔ silent discarded writes are detected and rollback failure is explicitly distinguished from success (0.4944ms)
✔ exports do not silently replace corrupt or future saved data with a fresh-looking backup (0.308ms)
✔ restore revalidates modified preview text rather than trusting a mutable prepared object (0.3138ms)
✔ safe endless limits survive Meta, leaderboard and checkpoint backup round-trip while rewards stay capped (0.9804ms)
✔ an already focused browser initializes input, while real blur still pauses it (1.9822ms)
✔ new campaign starts at 1-1 and rejects locked or invalid stage submissions (7.2551ms)
✔ clearing a stage stores three stars, unlocks exactly the next stage and uses one wallet (4.3846ms)
✔ duplicate completion does not add another clear, reward or faster fabricated record (1.4222ms)
✔ failure records an attempt without unlocking or awarding currency (0.8131ms)
✔ replays preserve best stars and the Meta reward cap prevents unlimited farming (3.344ms)
✔ legacy chapter progress becomes one-star access without retroactive rewards (0.5263ms)
✔ sanitization reconstructs route access and ignores forged unlock counters (0.2862ms)
✔ corrupt or inaccessible storage fails safely and reports an unsaved result (0.4876ms)
✔ a wallet write can be retried with the same receipt without duplicating route progress (0.785ms)
✔ a failed route write cannot create a wallet receipt or a duplicate clear on retry (0.6605ms)
✔ future campaign versions are preserved byte-for-byte on victory and defeat without wallet changes (0.5287ms)
✔ the save boundary independently rejects a newer route supplied after a supported read (0.4177ms)
✔ an unreadable route cannot be overwritten even when storage still accepts writes (0.2155ms)
✔ future-version protection preserves legacy migration and legitimate v1 writes and retries (5.398ms)
✔ stage 15 wallet failure survives reload and reconciles the engineer unlock exactly once (8.5742ms)
✔ following stage 3 with stage 4 also settles the persisted unlock in receipt order (1.3492ms)
✔ failed or silently discarded queue acknowledgements never pay the same receipt twice (1.1644ms)
✔ a silently discarded initial route never reaches the wallet and its original receipt can retry (0.4514ms)
✔ unpaid receipts outlive the recent history and a full queue rejects new victories without dropping data (229.6164ms)
✔ old rc2 missing wallet progress is queued durably before reconciliation pays it (0.8728ms)
✔ old paid receipts with expired reward IDs cannot manufacture a new replay reward (0.62ms)
✔ old rc2 receipts recover missing higher stars and independent operative mastery (2.9284ms)
✔ reconciliation cannot pay a recovered legacy receipt before its queue is read back (0.4249ms)
✔ reconciliation preserves future route versions and never drains their receipts into an older wallet (0.2463ms)
✔ walking uses alternating limbs and delayed tail/bag poses, not a whole-sprite wobble (2.4672ms)
✔ locomotion switches without threshold jitter and freezes its frame while paused (0.607ms)
✔ dash and celebration finish once before returning to the appropriate locomotion state (0.2938ms)
✔ intentional movement immediately interrupts celebration, without reviving it after stopping (0.2052ms)
✔ resetting after a paused dash or rescue clears transient pose and locomotion hysteresis (0.271ms)
✔ actual animator reset changes the visible frame immediately without modifying movement (0.6503ms)
✔ reduced motion suppresses idle flourishes while keeping actual running and dash feedback (0.2852ms)
✔ the actual animator changes only frame texture, retains body/scale, and keeps echo/mirror atlases distinct (0.4428ms)
✔ actual shadow follow faces movement without a target, preserves idle direction, and still aims at enemies (1.7394ms)
✔ chapter checkpoint round-trips build choices and progress without live physics (24.5876ms)
✔ checkpoint keeps starting chapter for reward boundaries and migrates old checkpoints (0.7287ms)
✔ checkpoint rejects unknown versions, invalid classes and impossible card sequences (0.603ms)
✔ corrupt, oversized or inaccessible checkpoint storage fails without crashing (0.4652ms)
✔ restoring a behavior recorder preserves cumulative chapter measurements (0.8313ms)
✔ recorder snapshots bound playtime and cannot restore invalid or negative counters (0.3139ms)
✔ every campaign chapter has complete finite spawn data and a final boss (3.0534ms)
✔ maps keep lanes, cover and hazards inside the playable arena (0.6402ms)
✔ chapter boundaries and endless wrap resolve the intended maps (0.3358ms)
✔ all four operatives have distinct builds and real signature skills (0.4627ms)
✔ cards have unique IDs and resolvable skill prerequisites (0.5502ms)
✔ skill levels clamp at both ends without producing invalid combat stats (0.7945ms)
✔ new saves grant the starting class without workshop power (0.5409ms)
✔ chapter completion persists every earned unlock and is idempotent (2.3239ms)
✔ older partial saves restore unlocks from chapter progress (0.529ms)
✔ corrupt JSON and unavailable storage recover without throwing (9.6293ms)
✔ save sanitization caps workshop ranks and filters unknown unlocks (0.4488ms)
✔ workshop rejects unaffordable purchases and charges exactly once per rank (0.7079ms)
✔ first-clear build bonus is paid once and fastest completion persists (0.5252ms)
✔ starting at a late chapter cannot farm progress or claim a full campaign achievement (0.4758ms)
✔ leaderboard persists every class, including engineer (0.4245ms)
✔ leaderboard retains the ten highest scores and ignores malformed entries (0.436ms)
✔ behavior profiles distinguish moving from stationary play within bounded metrics (0.6391ms)
✔ real Phaser 8ms key taps survive keyup and execute once in the actual Hero tick (2.9599ms)
✔ holding a real Key and OS repeats do not queue another discrete action (0.5315ms)
✔ multiple complete taps between ticks keep at most one request per action (0.3593ms)
✔ insufficient charge consumes the press rather than casting after later charge gain (0.4023ms)
✔ a press during dash cooldown is consumed and does not fire when cooldown expires (0.2751ms)
✔ the actual Arena gate and reset cancel requests across pause (0.4812ms)
✔ the actual Arena gate and reset cancel requests across blur (0.2243ms)
✔ the actual Arena gate and reset cancel requests across tutorial (0.5254ms)
✔ the actual Arena gate and reset cancel requests across upgrade (0.429ms)
✔ the actual Arena gate and reset cancel requests across death (0.5783ms)
✔ the actual Arena gate and reset cancel requests across levelComplete (0.3ms)
✔ the actual Arena gate and reset cancel requests across shutdown (0.2179ms)
✔ the actual Arena gate and reset cancel requests across openingDraft (0.2757ms)
✔ a held key reset by pause cannot create a new action from an OS repeat after resume (0.2778ms)
✔ destroying action input clears pending work and detaches real Key listeners (0.3897ms)
✔ the actual paused-to-running transition clears a pre-pause request before resuming (0.4877ms)
✔ the actual tutorial update clears a request even when the Hero tick is skipped (0.4069ms)
✔ entity method: knockback safely ignores an enemy destroyed by the triggering hit (1.516ms)
✔ entity method: a live enemy still receives directional knockback (0.3542ms)
✔ entity method: enemy tick stops after AI destroys itself during an explosion (0.3902ms)
✔ entity method: zero or invalid damage does not spend shields (0.3748ms)
✔ entity method: shield grant of brief invulnerability prevents multiple hits consuming all shields (0.3186ms)
✔ entity method: homing piercing projectile skips targets already hit (0.5143ms)
✔ upgrade method: a signature appearing in two pools still yields three unique choices (0.7743ms)
✔ upgrade method: exhausted skill levels disappear and injured camp can still receive repair (14.2571ms)
✔ upgrade method: chapter recovery card grants persistent regeneration with a three-stack cap (0.6998ms)
✔ journey reads are write-free and old campaign progress never opens the lake or planned regions (3.1471ms)
✔ partial real forest clues derive without migration and cannot manufacture a forest delivery (0.8717ms)
✔ first actual lake save migrates complete legacy proof while preserving every original v1 byte (1.1413ms)
✔ an imported empty v2 can later see a real forest completion and persist that proof on the first lake action (1.8295ms)
✔ legacy clue merging is monotonic but does not infer a delivery from a complete-looking address (0.5799ms)
✔ a durable current forest receipt is independent of missing, corrupt or future v1 records (0.6291ms)
✔ lake nodes enforce their order and delivery requirements while optional discovery never gates the letter (1.1343ms)
✔ unknown nodes, discoveries, regions and invalid receipt values cannot create a write (0.5195ms)
✔ durable actions and delivery receipts are idempotent without replacing the original receipt (0.9321ms)
✔ each failed or silently refused milestone remains retryable and never advances its returned checkpoint (1.8879ms)
✔ a committed value with failed readback is safely confirmed after refresh without repeating the write (0.9883ms)
✔ future, malformed and oversized current domains are preserved instead of falling back over them (0.4818ms)
✔ write-before-read comparison detects a changing legacy proof or a newly arrived future journey (0.3688ms)
✔ journey sanitizer rejects forged dependencies and planned content, while dropping transient or executable extras (0.8322ms)
✔ valid v2 reads migrate only in memory until the first successful v3 mountain write (3.2079ms)
✔ an explicit duplicate v2 action migrates once without replacing its delivery receipt (0.7105ms)
✔ only a real lake delivery opens ordered mountain milestones, and later regions remain locked (1.2282ms)
✔ mountain node, discovery and letter writes are retryable and duplicates retain the original proof (1.9653ms)
✔ failed mountain receipt readback does not claim success and a refreshed retry confirms its single stored proof (1.0595ms)
✔ concurrent v2 and v3 writes are preserved and retried against the latest journey (1.0829ms)
✔ the v2 allowlist cannot smuggle later mountain progress into the v3 migration (0.8712ms)
✔ v3 rejects mountain dependency, order and receipt forgeries while retaining only stable state (25.7165ms)
✔ a mountain postcard without the saved first relay is impossible even when a real lake receipt exists (0.66ms)
✔ real mid arrival retains pendingNode across persistent write failure and F cannot configure leaves or depart (7.3313ms)
✔ F confirms the pending real mid landing once and only a later F may perform its normal local action (2.43ms)
✔ write success followed by landing readback failure retries the durable real node without a second arrival (1.8257ms)
✔ visiting the mailbox before a real arrival cannot deliver, both before sailing and during the second leg (2.1312ms)
✔ unconfirmed mail landing blocks delivery until F saves it, then a separate F actually hands over the letter (2.4239ms)
✔ normal repeated delivery does not repeat celebrations, delivery audio, writes or envelope visibility (2.0421ms)
✔ a refused handover keeps the visible letter and retry can deliver without repeating already saved dock milestones (1.9765ms)
✔ successful handover write with failed readback is confirmed on retry and celebrated once (1.6924ms)
✔ real F refuses distant or unanchored departure and command must be followed by actual echo arrival (0.7565ms)
✔ pure F at two leaves uses actual spatial separation and returning to mid is required to launch (1.0386ms)
✔ a safe mail checkpoint resumes without a new arrival event or automatic delivery (1.4277ms)
✔ isSafe matches usable bank and boardwalk approaches, with a full 12px margin at wet deck edges (0.6288ms)
✔ the return bridge becomes walkable only after delivery and its 12px footprint has no artificial seam at x=936 (1.9523ms)
✔ the model publishes one bounded three-dock route with bank-side anchors and two distinct leaf choices (2.3991ms)
✔ issuing a command or placing an uncommanded echo near the boat cannot load or launch a letter (0.7187ms)
✔ dock actions reject a distant player and check the interaction boundary independently of scene input (0.399ms)
✔ anchoring requires the actual echo within 24px and staying, with no stale proof after it leaves (0.3007ms)
✔ the first voyage really moves through the route and emits midDocked only at its exact final arrival (0.9724ms)
✔ transit rejects loading, commands, re-departure and leaf changes without changing the ongoing route (0.3912ms)
✔ the two leaves cannot be preconfigured from start or manipulated remotely at the mid dock (0.3141ms)
✔ both correct directions are required, and revising a correct leaf to the wrong direction closes the route again (0.2616ms)
✔ after spatially separated leaf work, the player must return to mid and the echo must still hold there (0.3121ms)
✔ a full two-leg journey emits exactly one event per real dock and cannot depart again from the mailbox (0.8458ms)
✔ safe-dock resume restores ownership and completed arrivals without inventing events or restoring unsafe transient state (0.3112ms)
✔ zero or invalid delta never sails; a huge frame is bounded and cannot manufacture an arrival (0.3327ms)
✔ malformed actor coordinates or delta fail closed instead of reusing an old anchor proof (0.3064ms)
✔ unknown leaf identifiers and impossible directions cannot set a ready route (0.2108ms)
✔ snapshots and shared route points are deeply readonly and cannot mutate later voyage behavior (0.7695ms)
✔ different valid frame partitions reach the same intermediate boat position and pause does not advance it (0.714ms)
✔ local wave timing reports explicit sample counts and correct median/p90 (4.1264ms)
✔ wave timing retains only the most recent 120 observations (44.5982ms)
✔ invalid timing samples and broken storage never report fabricated observations (0.8732ms)
✔ five shadow challenges have readable tells, finite rounds and real encounter differences (2.2402ms)
✔ shadow records retain best time, separate tiers and reject corrupt inputs (1.7492ms)
✔ shadow record writes that throw never claim a saved first clear or improved time (0.3925ms)
✔ shadow record readback detects silent refusal without blocking independent wallet rewards (1.8625ms)
✔ shadow record readback errors stay unconfirmed and saved values follow existing bounds (15.0047ms)
✔ a committed shadow write with failed readback retries the same ID without another win or faster time (4.0003ms)
✔ shadow completion IDs deduplicate retries while a different completion increments wins normally (4.4305ms)
✔ an unreadable shadow history is never replaced by a fresh-looking victory (0.8283ms)
✔ broken or oversized shadow history is left intact when recording cannot establish its contents (0.7123ms)
✔ shadow records keep eight recent IDs per tier and the maximum legal records stay below 8192 bytes (3.1836ms)
✔ backup export and restore retain shadow deduplication IDs so a recovered result cannot count twice (3.8559ms)
✔ backup and runtime sanitizers preserve the same eight newest legal shadow IDs (0.6844ms)
✔ checkpoints preserve explicit modes and reject mismatched stage chapters (0.9334ms)
✔ the two authored patterns expose distinct ownership and Chinese visual symbols for silent play (2.503ms)
✔ observe, assign and confirmation validate whitelist stations, unlock order and bounded coordinates (1.8022ms)
✔ instruction and assignment each require their own proximity and assignment does not fabricate echo arrival (0.4214ms)
✔ unassigned, travelling or recalled echo cannot produce a note even if commands are spammed (0.8887ms)
✔ the first echo note needs 900ms of real stable occupancy, including the exact 24px boundary (0.5539ms)
✔ lesson plays two echo notes then waits without time pressure for the player at the bell location (0.5388ms)
✔ every player note checks its own fixed bell, and a wrong nearby note retains the matched prefix (0.3647ms)
✔ an echo that stops staying blocks player input until a fresh actual occupancy sample (0.2895ms)
✔ an unsaved lesson match emits once and cannot be cancelled, replayed or used to unlock pass (0.5374ms)
✔ pass really alternates echo bell, player leaf, then echo sun instead of replaying the lesson pattern (0.6937ms)
✔ explicit cancellation resets only the live attempt and requires a new real arrival after reassignment (0.269ms)
✔ restore accepts only confirmed checkpoints and never restores observation, timing or an unsaved matching attempt (0.3665ms)
✔ paused and invalid updates cannot advance notes or preserve malformed occupancy, and a stalled frame is capped (0.317ms)
✔ equivalent real frame partitions produce the same two-note prefix and cannot bank player-wait time (0.3079ms)
✔ snapshots, visual patterns, assignment routes and emitted events cannot mutate model state (0.729ms)
✔ authored relay routes are whitelisted, connected safe paths and the pass echo genuinely walks a separate 400px route (2.0495ms)
✔ shared mountain geometry has continuous 12px joins, a real optional wind branch and a gate that blocks the entire bridge (6.1051ms)
✔ the wide main path reaches both relay sites without wind, while neither route bypasses the unconfirmed pass gate (161.7609ms)
✔ E requires observing the local score and F cannot replace assignment or actual echo arrival (21.9783ms)
✔ actual inherited echo movement follows the assigned waypoints and arrival enables its timed notes (10.3014ms)
✔ wrong physical bells preserve the played prefix and only the requested symbol completes the first relay (2.4975ms)
✔ the echo bell draws the note just sounded during its feedback window rather than prematurely showing the next note (2.8197ms)
✔ first matched write refusal stays pending; E cannot cancel it and F retries only the save (8.4104ms)
✔ second match is emitted by update after the player reply and only confirmed persistence opens the gate (12.7643ms)
✔ a successful node write with failed readback keeps the gate closed until F confirms the durable node once (19.706ms)
✔ visiting the recipient early never manufactures a delivery or bypasses either relay (2.5853ms)
✔ refused handover can be retried without repeating nodes; subsequent chats never repeat its receipt or celebration (6.1235ms)
✔ handover readback failure stays visibly unconfirmed and retries the same real receipt without another write (4.2956ms)
✔ real create derives only confirmed safe checkpoints and never invents a handover on resume (6.9617ms)
✔ optional cloud postcard requires the confirmed lesson and its failed save never plays collection feedback (3.3906ms)
✔ real scene create refuses locked or future-format journeys before creating a playable walk (0.7532ms)
✔ normal keyboard walking on the wide mountain road is unaffected throughout a windy phase (47.8902ms)
✔ the real flag drawing warns before side force begins, and a stationary exposed cat is then moved by that force (5.8658ms)
✔ the force ends with the gust and the flag cycle resets without retaining a phantom wind velocity (3.2317ms)
✔ a real Shift tap reduces sideways drift while its northward dash still executes exactly once (2.903ms)
✔ holding the opposite movement key can actively resist the exposed side wind without a dash (2.1291ms)
✔ a flag is recorded through actual walking, then an exposed gust restores that visited flag instead of an unvisited lookout (8.0308ms)
✔ without a visited wind flag, leaving the edge uses the actual last safe footstep instead of inventing a checkpoint (8.8464ms)
✔ an unconfirmed lesson cannot open the wind path, register its flags or apply side force (0.9924ms)
✔ escape freezes the real wind clock, clears held motion and queued dash, and cannot resume while unfocused (1.3677ms)
✔ blur freezes the real wind clock, clears held motion and queued dash, and cannot resume while unfocused (3.1945ms)
✔ hidden freezes the real wind clock, clears held motion and queued dash, and cannot resume while unfocused (2.3296ms)
✔ the implemented 60px lookout shelter permits a genuine stationary rest through two complete wind cycles (57.8581ms)
✔ the shelter is a real bounded rest area, while its exposed outer rim still responds to the wind (0.6295ms)
✔ postal state persists every address fragment before idempotent delivery and never reads another game domain (3.7107ms)
✔ postal sanitizer rejects fabricated completions, unknown versions and invalid domain fields (1.169ms)
✔ postal storage failure and silent refusal retain visible retryable fragments (1.1017ms)
✔ postal failed final write never claims delivery; same receipt can be retried (0.5964ms)
✔ postal committed write with failed readback is confirmed by a duplicate retry without another write (1.6514ms)
✔ postal future version, malformed storage and unavailable reads are protected from writes (0.7137ms)
✔ postal invalid action input cannot change an otherwise valid story record (0.2603ms)
✔ postal returning to a fresh scene reads delivery and return shortcut from the single durable record (0.3411ms)
✔ postal read-before-write protection preserves a future version arriving during an action (0.2695ms)
✔ postal bridge collider stays enabled until the waiting companion actually reaches the bell stone (0.936ms)
✔ postal bridge drawing only rebuilds on state changes while its actual collision enable is refreshed every tick (0.4104ms)
✔ postal scene keeps a refused fragment visible and silent until an F interaction confirms storage (2.2565ms)
✔ postal scene unlocks its return shortcut and plays success only after the actual delivery write succeeds (0.5919ms)
✔ postal ground clicking creates a world-space walking target; right click only requests a short dash (0.7284ms)
✔ postal HUD, interactive UI, pause, loss of focus and closed scene never create mouse movement (0.256ms)
✔ postal keyboard movement immediately cancels a click target, including opposing held directions (15.5107ms)
✔ postal point walking stops at its destination or after 400ms without approach; it never routes through obstacles (0.6561ms)
✔ postal clearing input removes mouse target and action requests before stopping movement (0.4134ms)
✔ postal actual update emits one command and one accepted dash cue, with no cooldown or later auto-repeat cue (1.4511ms)
✔ postal audio initialization failure never interrupts a confirmed letter save (0.8977ms)
✔ postal pause and departure input clearing cancel the actual cat and echo transient animation states (1.16ms)
✔ postal bindings preserve an actual Phaser Key 8ms tap, ignore paused presses and detach on shutdown (33.7265ms)
✔ lake: an isolated Escape tap pauses and a next-frame Enter tap resumes with the real Phaser queue (5.7701ms)
✔ lake: Escape then Enter within one frame consumes the old Escape event once despite resetKeys (1.0752ms)
✔ lake: one Escape tap while walking cannot leave when an earlier movement event remains queued (0.6858ms)
✔ lake: OS repeats and unrelated queued key events cannot convert a held pause key into an exit (4.4025ms)
✔ lake: a genuinely new Escape tap on the paused panel still exits once (1.12ms)
✔ lake: an already blurred scene takes the paused Escape branch without any queue replay (0.7128ms)
✔ lake: Enter after a blur resumes safely and clears movement without executing queued interactions (0.6385ms)
✔ forest: an isolated Escape tap pauses and a next-frame Enter tap resumes with the real Phaser queue (1.4025ms)
✔ forest: Escape then Enter within one frame consumes the old Escape event once despite resetKeys (0.9745ms)
✔ forest: one Escape tap while walking cannot leave when an earlier movement event remains queued (2.8488ms)
✔ forest: OS repeats and unrelated queued key events cannot convert a held pause key into an exit (1.5763ms)
✔ forest: a genuinely new Escape tap on the paused panel still exits once (0.5433ms)
✔ forest: an already blurred scene takes the paused Escape branch without any queue replay (0.3556ms)
✔ forest: Enter after a blur resumes safely and clears movement without executing queued interactions (0.3014ms)
✔ postal mute and unknown cues create no AudioContext or nodes (2.8349ms)
✔ postal cues have bounded middle-register tones, low gain and finite starts; repeated requests are rate limited (3.9363ms)
✔ postal unavailable AudioContext returns failure without throwing (1.4473ms)
✔ postal partial audio failure stops and disconnects nodes already created (0.7069ms)
✔ postal suspended audio never schedules stale success tones and a later running context can play normally (3.7256ms)
✔ postal walk retains actual Phaser 8ms action taps exactly once and holding cannot repeat them (4.2951ms)
✔ postal pause clears pending taps, click destinations, held movement and transient animation before resuming (2.1994ms)
✔ actual blur and hidden handlers clear controls and cannot resume while the game remains unfocused (0.8797ms)
✔ postal pointer input filters HUD and interactive UI, and keyboard movement cancels point walking (0.5484ms)
✔ postal closure detaches the real key, pointer and visibility listeners and cannot consume later input (0.6097ms)
✔ postal nonfinite or negative frame deltas never advance clock, companion distance or region simulation time (0.6502ms)
✔ postal follower reaches a nearby player by actual queued shoreline footsteps instead of a direct water shortcut (8.3381ms)
✔ postal sendEcho preserves a distant companions old approach to an anchor without cutting across water (19.6389ms)
✔ postal recall during an unfinished approach retains both the old approach and the players newly walked return route (4.5249ms)
✔ postal staying companion remembers the players real detour before following again (7.0088ms)
✔ postal long staying walk compresses closed detours without discarding a necessary shoreline corner (14.529ms)
✔ postal safeSegment tests the interior and rejects a water shortcut even when both endpoints are dry (0.3556ms)
✔ postal fallback compression over 600 pending points preserves the only dry corner in its prefix (2.9038ms)
✔ postal normal following after long straight-line compression settles within the footstep interval plus follow gap (7.2597ms)
✔ a dispatched companion walks every bend of a known route and can return without cutting the interior (8.1253ms)
✔ recalling before the launch point discards the unvisited independent route and follows the old approach (3.3449ms)
✔ recalling partway through an independent route turns back along travelled corners without visiting its destination (4.3736ms)
✔ invalid dispatch routes cannot replace the current safe follower assignment (0.4289ms)
✔ first clears, higher stars and capped replays pay once with role-specific mastery (5.2847ms)
✔ fixed stage milestones unlock three characters and skills at 3, 8 and 15 (7.7279ms)
✔ research requires distinct clears, spends exact currency and cannot be purchased twice (1.9175ms)
✔ specializations require earned mastery and currency, then equip one with a real tradeoff (2.1063ms)
✔ each operative earns mastery independently across distinct stages with a hard ceiling (15.0623ms)
✔ battle application modifies the real Hero field contract including workshop and selected tradeoff (0.756ms)
✔ all twelve specializations retain a cost or drawback and affect supported combat fields (1.0524ms)
✔ v2 migration preserves purchased ranks and currency, marks completed stages without first-clear grants (2.2065ms)
✔ malformed and future saves, invalid IDs and nonfinite numbers never create spendable values (1.0043ms)
✔ a refused localStorage write grants nothing, consumes nothing, and the same completion retries safely (0.8329ms)
✔ shadow and endless milestone rewards use durable records and capped role mastery (1.4503ms)
✔ a failed shadow reward remains retryable without charging it to another tier (0.3934ms)
✔ stage/profile statistics share completion IDs without double currency or false full-campaign wins (2.4546ms)
✔ finite campaign economy funds meaningful choices without requiring repeated easy-stage farming (19.7055ms)
✔ an endless defeat cannot obtain legacy run rewards when a caller omits the new mode field (0.503ms)
✔ atlas build achievements require that operative to clear every stage, and never use one-stage time (8.3949ms)
✔ an unknown future save is left intact even if an older client tries to record a stage (0.2693ms)
✔ paid stage receipts remain idempotent after the global recent-event window is evicted (2.9197ms)
✔ save retry passes the original frozen completion and preserves first-clear presentation (2.2352ms)
✔ a route-first-write failure retries the actual managers without another clear or payment (3.8889ms)
✔ a repeated save failure restarts with the same receipt and does not invent saved progress (0.5368ms)
✔ retry performs no stage writes for absent completion, absent result or an already saved result (0.4377ms)
✔ an unwritten result blocks the first map exit and accepts its explicit repeat (0.5257ms)
✔ an unwritten result blocks the first workshop exit and accepts its explicit repeat (0.2023ms)
✔ an unwritten result blocks the first escape exit and accepts its explicit repeat (0.1236ms)
✔ switching exits never reuses confirmation given for a different destination (0.2284ms)
✔ a durable route with a pending wallet reward permits all exits immediately (0.3056ms)
✔ a fully saved result and non-campaign result do not request discard confirmation (0.242ms)
✔ tier-five wallet recovery grants only that tier once and does not repeat the saved trial victory (1.2955ms)
✔ tier-five trial-record recovery leaves an already paid wallet and mastery untouched (0.6962ms)
✔ a failed habit diary is retried after the stage reward is saved without adding another run or reward (1.6321ms)
✔ a partially saved shadow victory and an unsaved habit diary require explicit repeated departure (0.7824ms)
✔ a committed shadow victory with failed verification is recovered without another win or wallet payment (0.6541ms)
✔ first-run settings honor OS reduced-motion preference with restrained volume (2.511ms)
✔ saved settings clamp volume and reject non-boolean preferences (0.4959ms)
✔ corrupt settings recover and blocked storage still allows session preferences (0.4555ms)
✔ explicit accessibility choice persists and returned objects cannot change stored state (0.2849ms)
✔ choosing tier 5 first pays only tier 5, then tier 1 still earns its actual first-clear reward (5.2327ms)
✔ all five tiers pay the same bounded total in arbitrary order and remain paid after receipt eviction (1.7805ms)
✔ currency is shared per tier while mastery is independent per operative and exact tier (0.7492ms)
✔ legacy highest-tier prefixes migrate as already paid without retroactive rewards or wallet changes (0.9079ms)
✔ legacy tier 5 rewards cannot be claimed again even if the old wallet was spent (0.646ms)
✔ throwing storage leaves a tier retryable and a later tier never implicitly claims it (0.5542ms)
✔ silent write refusal is not reported as a saved reward and the same completion can retry (0.3215ms)
✔ failed migration write preserves old paid prefixes and retries only the new exact tier (2.0128ms)
✔ future outer or reward-ledger versions stay byte-for-byte protected from mutation (0.7211ms)
✔ unreadable storage is protected and can later recover without a phantom receipt (0.4808ms)
✔ new exact-tier ledgers sanitize invalid entries without rebuilding a highest-tier prefix (0.4274ms)
✔ a committed write with failed verification cannot pay again when the same completion retries (0.3719ms)
✔ new players get a useful training companion without a saved profile (1.3361ms)
✔ hostile or damaged profile fields never create nonfinite combat values (0.4646ms)
✔ recorded play styles create different companion behavior with capped firepower (0.2684ms)
✔ shadow cover blocks crossed, parallel-edge and embedded segments symmetrically (0.446ms)
✔ shadow targeting ignores dead, distant and covered enemies (0.326ms)
✔ tactician prioritizes support roles while a nearby camp threat wins priority (0.2419ms)
✔ chapter objectives teach commands, core defense and local terrain with one-time rewards (0.4741ms)
✔ shadow trial replaces the chapter exercise and cannot complete from ordinary kills (0.1939ms)
✔ campaign contains five chapters of ten stable, individually named stages (3.5459ms)
✔ all fifty stages have real encounter and route differences with valid enemies (5.162ms)
✔ every stage map has distinct geometry and all declared approaches fit a boss (11.4829ms)
✔ stage objectives only request terrain and enemy roles that occur in that stage (1.3768ms)
✔ stars are earned independently and a failed stage never earns a star (0.4988ms)
✔ map and encounter getters return independent objects for scene mutations (0.5518ms)
✔ the book contains a three-page opening, five two-page replies and a three-page ending in causal address order (1.6562ms)
✔ reading-length bounds leave enough space for static pages without forced timing or truncated prose (0.623ms)
✔ story unlocks follow saved consecutive chapter boundaries, not cached counters or isolated high-stage clears (0.5634ms)
✔ failed, malformed and missing stage records do not unlock a letter while migrated real clears do (0.273ms)
✔ chapter completion suggests only its letter, with the final letter before the epilogue (0.2328ms)
✔ a real forest delivery unlocks its reply independently without granting future letters or altering campaign progress (0.3577ms)
✔ return routing rejects scene loops, battle/results and malformed inputs; safe readers discard payloads (0.2141ms)
✔ return routing preserves bounded navigation only and cannot smuggle result or resume state (0.2237ms)
✔ request resolution keeps an authorized return route when falling back from an unavailable story and never mutates progress (0.3476ms)
✔ page navigation clamps previous, restarts freely, and finishes only on the last page (0.2846ms)
✔ real postal receipts unlock consecutive replies without combat stars or story reward writes (0.322ms)
✔ a mountain reply requires consecutive real receipts and its safe return discards supplied completion payloads (0.2354ms)
✔ real StoryScene controller exits once on final next or skip and resets on re-entry without recording progress (0.5488ms)
✔ hero and companion damage each receive one terrain credit only when an active zone loses real enemy HP (1.6541ms)
✔ invalid hits, dead targets and dodge-rounded zero damage never add terrain credit (0.2367ms)
✔ lethal damage preserves entity death effects and credits the position before synchronous death listeners move it (0.3137ms)
✔ ShadowRival retains shadowDefeated then enemyDeath exactly once through the common damage entry (0.2984ms)
✔ pulse terrain only credits its own active damaging pulses, never hero or companion hits in the lane (0.3232ms)
✔ all formerly omitted direct attack paths now credit effective terrain damage (0.8521ms)
✔ real projectile handling rejects zero-damage seventh piercing hits and keeps shadow shots outside player on-hit bonuses (0.3849ms)
✔ the 19 terrain objectives retain their thresholds and only the five pulse stages advertise lamp damage (6.7923ms)
✔ stage 11 final hero terrain hit reaches its goal before the real wave event saves three stars (6.8399ms)
✔ stage 11 final shadow terrain hit reaches its goal before the real wave event saves three stars (1.0534ms)
✔ stage 21 final hero terrain hit reaches its goal before the real wave event saves three stars (0.9064ms)
✔ stage 21 final shadow terrain hit reaches its goal before the real wave event saves three stars (0.7735ms)
✔ stage 31 final pulse terrain hit reaches its goal before the real wave event saves three stars (1.101ms)
✔ queued encounters wait at the shared entity budget and finish only after every queued enemy dies (1.6928ms)
✔ invalid endless levels cannot create nonfinite difficulty or an undefined chapter (0.3058ms)
✔ an endless checkpoint beyond station one thousand preserves its route and build contract (0.5148ms)
✔ backs up a Chinese character to keep the closing quote and full stop on their line (4.8283ms)
✔ moves an opening quote with its text and keeps consecutive punctuation together (0.5157ms)
✔ mixed Chinese and English uses measured widths and preserves fitting Latin words (1.1827ms)
✔ preserves explicit line breaks, empty paragraphs and trailing paragraph breaks (0.3254ms)
✔ never breaks a combining character or joined emoji apart (0.5632ms)
✔ invalid widths and impossible measurements fail explicitly rather than looping or overflowing (1.0183ms)
✔ every actual story body obeys punctuation rules at the 460px column with representative font widths (7.0424ms)
ℹ tests 389
ℹ suites 0
ℹ pass 389
ℹ fail 0
ℹ cancelled 0
ℹ skipped 0
ℹ todo 0
ℹ duration_ms 2769.6434

> shadow-legion@1.4.0-alpha.3 build
> tsc && vite build

vite v6.4.3 building for production...
transforming...
✓ 74 modules transformed.
rendering chunks...
computing gzip size...
../dist/index.html                   10.09 kB │ gzip:   3.66 kB
../dist/assets/index-3y2znDdW.js  1,886.10 kB │ gzip: 479.37 kB
node.exe : 
At line:1 char:1
+ & "C:\Program Files\nodejs/node.exe" "C:\Program Files\nodejs/node_mo ...
+ ~~~~~~~~~~~~~~~~~~~~~~~~~~~~~~~~~~~~~~~~~~~~~~~~~~~~~~~~~~~~~~~~~~~~~
    + CategoryInfo          : NotSpecified: (:String) [], RemoteException
    + FullyQualifiedErrorId : NativeCommandError
 
(!) Some chunks are larger than 500 kB after minification. Consider:
- Using dynamic import() to code-split the application
- Use build.rollupOptions.output.manualChunks to improve chunking: https://rollupjs.org/configuration-options/#output-m
anualchunks
- Adjust chunk size limit for this warning via build.chunkSizeWarningLimit.
✓ built in 7.79s

> shadow-legion@1.4.0-alpha.3 check:dist
> node scripts/check-dist.mjs

Production package passed: 8 files, 11.56 MB raw, 479.4 kB gzipped JS.
Relative assets verified; browser rendering, performance and usability require separate real-browser checks.

> shadow-legion@1.4.0-alpha.3 check:security
> npm audit --audit-level=moderate

found 0 vulnerabilities
Prepared static release: D:\Code\Game\release\shadow-legion-web-1.4.0-alpha.3-2026-09-12T16-53-31-873Z
Includes 11 hashed files, deployment notes and dependency license notices. No upload performed.
