
> shadow-legion@1.3.0-rc.2 release:web
> npm run check && npm run check:security && node scripts/prepare-web-release.mjs


> shadow-legion@1.3.0-rc.2 check
> npm run test && npm run build && npm run check:dist


> shadow-legion@1.3.0-rc.2 test
> node --import ./scripts/test-loader.mjs --test src/test/*.test.mjs

✔ an exhausted upgrade pool consumes all opening drafts and starts combat once (1.2973ms)
✔ an exhausted station reward preserves the endless run instead of opening a fresh draft (0.3938ms)
✔ export reads exactly the eight game keys and preview performs no storage access or writes (3.9017ms)
✔ full backup round-trips growth, route, profile, settings, scores, trials, tutorial, samples and checkpoint (5.2626ms)
✔ preview rejects broken envelopes, future versions, missing growth and foreign sections without mutation (0.9959ms)
✔ the size limit counts UTF-8 bytes and rejects oversized individual domains (2.8085ms)
✔ domain sanitizers remove unrecognized fields and bound counters without importing executable or prototype data (0.6865ms)
✔ partial backups rebuild the route from imported growth and preserve absent optional game keys (0.8265ms)
✔ explicit null values preview removal and clear only the corresponding game keys (0.3032ms)
✔ invalid checkpoint cards, inconsistent modes and malformed domain containers are rejected before writing (0.4982ms)
✔ v2 saves migrate through the same Meta and Campaign sanitizers without granting currency (0.503ms)
✔ read failure aborts before any writes and future current saves are never overwritten (0.5228ms)
✔ a later failed write rolls back earlier changes and preserves the original byte strings (7.8732ms)
✔ rollback handles a storage adapter that writes then throws and a removed key (0.5049ms)
✔ silent discarded writes are detected and rollback failure is explicitly distinguished from success (0.3234ms)
✔ exports do not silently replace corrupt or future saved data with a fresh-looking backup (0.2148ms)
✔ restore revalidates modified preview text rather than trusting a mutable prepared object (0.1905ms)
✔ safe endless limits survive Meta, leaderboard and checkpoint backup round-trip while rewards stay capped (0.7487ms)
✔ new campaign starts at 1-1 and rejects locked or invalid stage submissions (2.6742ms)
✔ clearing a stage stores three stars, unlocks exactly the next stage and uses one wallet (6.6781ms)
✔ duplicate completion does not add another clear, reward or faster fabricated record (1.3736ms)
✔ failure records an attempt without unlocking or awarding currency (0.7606ms)
✔ replays preserve best stars and the Meta reward cap prevents unlimited farming (2.9232ms)
✔ legacy chapter progress becomes one-star access without retroactive rewards (0.6501ms)
✔ sanitization reconstructs route access and ignores forged unlock counters (0.3443ms)
✔ corrupt or inaccessible storage fails safely and reports an unsaved result (0.7416ms)
✔ a wallet write can be retried with the same receipt without duplicating route progress (0.7954ms)
✔ a failed route write cannot create a wallet receipt or a duplicate clear on retry (1.1119ms)
✔ chapter checkpoint round-trips build choices and progress without live physics (4.7714ms)
✔ checkpoint keeps starting chapter for reward boundaries and migrates old checkpoints (0.6895ms)
✔ checkpoint rejects unknown versions, invalid classes and impossible card sequences (0.6861ms)
✔ corrupt, oversized or inaccessible checkpoint storage fails without crashing (0.4927ms)
✔ restoring a behavior recorder preserves cumulative chapter measurements (1.0427ms)
✔ recorder snapshots bound playtime and cannot restore invalid or negative counters (0.3372ms)
✔ every campaign chapter has complete finite spawn data and a final boss (2.8997ms)
✔ maps keep lanes, cover and hazards inside the playable arena (0.6732ms)
✔ chapter boundaries and endless wrap resolve the intended maps (0.4125ms)
✔ all four operatives have distinct builds and real signature skills (0.4395ms)
✔ cards have unique IDs and resolvable skill prerequisites (0.5504ms)
✔ skill levels clamp at both ends without producing invalid combat stats (0.9017ms)
✔ new saves grant the starting class without workshop power (0.5453ms)
✔ chapter completion persists every earned unlock and is idempotent (2.0273ms)
✔ older partial saves restore unlocks from chapter progress (0.462ms)
✔ corrupt JSON and unavailable storage recover without throwing (2.5256ms)
✔ save sanitization caps workshop ranks and filters unknown unlocks (0.3543ms)
✔ workshop rejects unaffordable purchases and charges exactly once per rank (0.6917ms)
✔ first-clear build bonus is paid once and fastest completion persists (0.5408ms)
✔ starting at a late chapter cannot farm progress or claim a full campaign achievement (0.5215ms)
✔ leaderboard persists every class, including engineer (0.4425ms)
✔ leaderboard retains the ten highest scores and ignores malformed entries (0.4972ms)
✔ behavior profiles distinguish moving from stationary play within bounded metrics (0.6353ms)
✔ entity method: knockback safely ignores an enemy destroyed by the triggering hit (1.1933ms)
✔ entity method: a live enemy still receives directional knockback (0.532ms)
✔ entity method: enemy tick stops after AI destroys itself during an explosion (0.34ms)
✔ entity method: zero or invalid damage does not spend shields (0.3489ms)
✔ entity method: shield grant of brief invulnerability prevents multiple hits consuming all shields (0.2685ms)
✔ entity method: homing piercing projectile skips targets already hit (0.4761ms)
✔ upgrade method: a signature appearing in two pools still yields three unique choices (0.9719ms)
✔ upgrade method: exhausted skill levels disappear and injured camp can still receive repair (1.3634ms)
✔ upgrade method: chapter recovery card grants persistent regeneration with a three-stack cap (0.9228ms)
✔ local wave timing reports explicit sample counts and correct median/p90 (4.1831ms)
✔ wave timing retains only the most recent 120 observations (34.6627ms)
✔ invalid timing samples and broken storage never report fabricated observations (0.7733ms)
✔ five shadow challenges have readable tells, finite rounds and real encounter differences (1.3964ms)
✔ shadow records retain best time, separate tiers and reject corrupt inputs (1.6794ms)
✔ shadow record writes that throw never claim a saved first clear or improved time (0.3857ms)
✔ shadow record readback detects silent refusal without blocking independent wallet rewards (1.7661ms)
✔ shadow record readback errors stay unconfirmed and saved values follow existing bounds (0.51ms)
✔ checkpoints preserve explicit modes and reject mismatched stage chapters (2.142ms)
✔ first clears, higher stars and capped replays pay once with role-specific mastery (9.1284ms)
✔ fixed stage milestones unlock three characters and skills at 3, 8 and 15 (20.8019ms)
✔ research requires distinct clears, spends exact currency and cannot be purchased twice (4.3359ms)
✔ specializations require earned mastery and currency, then equip one with a real tradeoff (2.276ms)
✔ each operative earns mastery independently across distinct stages with a hard ceiling (11.2453ms)
✔ battle application modifies the real Hero field contract including workshop and selected tradeoff (0.8815ms)
✔ all twelve specializations retain a cost or drawback and affect supported combat fields (1.1677ms)
✔ v2 migration preserves purchased ranks and currency, marks completed stages without first-clear grants (1.7783ms)
✔ malformed and future saves, invalid IDs and nonfinite numbers never create spendable values (1.058ms)
✔ a refused localStorage write grants nothing, consumes nothing, and the same completion retries safely (1.2514ms)
✔ shadow and endless milestone rewards use durable records and capped role mastery (5.9382ms)
✔ lost mode receipts can be recovered by the next validated milestone without repeated payouts (0.4359ms)
✔ stage/profile statistics share completion IDs without double currency or false full-campaign wins (2.8688ms)
✔ finite campaign economy funds meaningful choices without requiring repeated easy-stage farming (14.1969ms)
✔ an endless defeat cannot obtain legacy run rewards when a caller omits the new mode field (0.4372ms)
✔ atlas build achievements require that operative to clear every stage, and never use one-stage time (8.1183ms)
✔ an unknown future save is left intact even if an older client tries to record a stage (0.3534ms)
✔ paid stage receipts remain idempotent after the global recent-event window is evicted (2.9098ms)
✔ first-run settings honor OS reduced-motion preference with restrained volume (5.0525ms)
✔ saved settings clamp volume and reject non-boolean preferences (0.6169ms)
✔ corrupt settings recover and blocked storage still allows session preferences (0.6384ms)
✔ explicit accessibility choice persists and returned objects cannot change stored state (0.418ms)
✔ new players get a useful training companion without a saved profile (1.4563ms)
✔ hostile or damaged profile fields never create nonfinite combat values (0.4872ms)
✔ recorded play styles create different companion behavior with capped firepower (0.3064ms)
✔ shadow cover blocks crossed, parallel-edge and embedded segments symmetrically (0.4395ms)
✔ shadow targeting ignores dead, distant and covered enemies (0.3464ms)
✔ tactician prioritizes support roles while a nearby camp threat wins priority (0.2622ms)
✔ chapter objectives teach commands, core defense and local terrain with one-time rewards (0.5137ms)
✔ shadow trial replaces the chapter exercise and cannot complete from ordinary kills (0.2104ms)
✔ campaign contains five chapters of ten stable, individually named stages (3.7139ms)
✔ all fifty stages have real encounter and route differences with valid enemies (4.5125ms)
✔ every stage map has distinct geometry and all declared approaches fit a boss (12.1513ms)
✔ stage objectives only request terrain and enemy roles that occur in that stage (1.6288ms)
✔ stars are earned independently and a failed stage never earns a star (0.5648ms)
✔ map and encounter getters return independent objects for scene mutations (0.6727ms)
✔ queued encounters wait at the shared entity budget and finish only after every queued enemy dies (1.6223ms)
✔ invalid endless levels cannot create nonfinite difficulty or an undefined chapter (0.2903ms)
✔ an endless checkpoint beyond station one thousand preserves its route and build contract (0.4417ms)
ℹ tests 108
ℹ suites 0
ℹ pass 108
ℹ fail 0
ℹ cancelled 0
ℹ skipped 0
ℹ todo 0
ℹ duration_ms 1063.8804

> shadow-legion@1.3.0-rc.2 build
> tsc && vite build

vite v6.4.3 building for production...
transforming...
✓ 48 modules transformed.
rendering chunks...
computing gzip size...
../dist/index.html                    9.93 kB │ gzip:   3.52 kB
../dist/assets/index-C8XQ99TM.js  1,731.53 kB │ gzip: 424.61 kB
node.exe : 
At line:1 char:1
+ & "C:\Program Files\nodejs/node.exe" "C:\Program Files\nodejs/node_mo ...
+ ~~~~~~~~~~~~~~~~~~~~~~~~~~~~~~~~~~~~~~~~~~~~~~~~~~~~~~~~~~~~~~~~~~~~~
    + CategoryInfo          : NotSpecified: (:String) [], RemoteException
    + FullyQualifiedErrorId : NativeCommandError
 
(!) Some chunks are larger than 500 kB after minification. Consider:
- Using dynamic import() to code-split the application
- Use build.rollupOptions.output.manualChunks to improve chunking: https://rollupjs.org/configuration-options/#output-m
anualchunks
- Adjust chunk size limit for this warning via build.chunkSizeWarningLimit.
✓ built in 7.37s

> shadow-legion@1.3.0-rc.2 check:dist
> node scripts/check-dist.mjs

Production package passed: 5 files, 4.48 MB raw, 424.6 kB gzipped JS.
Relative assets verified; browser rendering, performance and usability require separate real-browser checks.

> shadow-legion@1.3.0-rc.2 check:security
> npm audit --audit-level=moderate

found 0 vulnerabilities
Prepared static release: D:\Code\Game\release\shadow-legion-web-1.3.0-rc.2-2026-09-12T12-27-42-634Z
Includes 8 hashed files, deployment notes and dependency license notices. No upload performed.
