
> shadow-legion@1.3.0-rc.2 release:web
> npm run check && npm run check:security && node scripts/prepare-web-release.mjs


> shadow-legion@1.3.0-rc.2 check
> npm run test && npm run build && npm run check:dist


> shadow-legion@1.3.0-rc.2 test
> node --import ./scripts/test-loader.mjs --test src/test/*.test.mjs

✔ an exhausted upgrade pool consumes all opening drafts and starts combat once (1.421ms)
✔ an exhausted station reward preserves the endless run instead of opening a fresh draft (0.2604ms)
✔ export reads exactly the eight game keys and preview performs no storage access or writes (6.3274ms)
✔ full backup round-trips growth, route, profile, settings, scores, trials, tutorial, samples and checkpoint (6.458ms)
✔ preview rejects broken envelopes, future versions, missing growth and foreign sections without mutation (1.7021ms)
✔ the size limit counts UTF-8 bytes and rejects oversized individual domains (4.9818ms)
✔ domain sanitizers remove unrecognized fields and bound counters without importing executable or prototype data (0.8836ms)
✔ partial backups rebuild the route from imported growth and preserve absent optional game keys (0.9246ms)
✔ explicit null values preview removal and clear only the corresponding game keys (0.4029ms)
✔ invalid checkpoint cards, inconsistent modes and malformed domain containers are rejected before writing (0.7926ms)
✔ v2 saves migrate through the same Meta and Campaign sanitizers without granting currency (1.1203ms)
✔ read failure aborts before any writes and future current saves are never overwritten (0.6608ms)
✔ a later failed write rolls back earlier changes and preserves the original byte strings (12.5614ms)
✔ rollback handles a storage adapter that writes then throws and a removed key (0.5557ms)
✔ silent discarded writes are detected and rollback failure is explicitly distinguished from success (0.3518ms)
✔ exports do not silently replace corrupt or future saved data with a fresh-looking backup (0.1792ms)
✔ restore revalidates modified preview text rather than trusting a mutable prepared object (0.1957ms)
✔ safe endless limits survive Meta, leaderboard and checkpoint backup round-trip while rewards stay capped (1.1824ms)
✔ new campaign starts at 1-1 and rejects locked or invalid stage submissions (3.0454ms)
✔ clearing a stage stores three stars, unlocks exactly the next stage and uses one wallet (7.6554ms)
✔ duplicate completion does not add another clear, reward or faster fabricated record (1.2535ms)
✔ failure records an attempt without unlocking or awarding currency (0.7793ms)
✔ replays preserve best stars and the Meta reward cap prevents unlimited farming (2.9087ms)
✔ legacy chapter progress becomes one-star access without retroactive rewards (0.5205ms)
✔ sanitization reconstructs route access and ignores forged unlock counters (0.3644ms)
✔ corrupt or inaccessible storage fails safely and reports an unsaved result (0.6346ms)
✔ a wallet write can be retried with the same receipt without duplicating route progress (0.6742ms)
✔ a failed route write cannot create a wallet receipt or a duplicate clear on retry (0.7296ms)
✔ chapter checkpoint round-trips build choices and progress without live physics (8.4011ms)
✔ checkpoint keeps starting chapter for reward boundaries and migrates old checkpoints (0.7713ms)
✔ checkpoint rejects unknown versions, invalid classes and impossible card sequences (0.6198ms)
✔ corrupt, oversized or inaccessible checkpoint storage fails without crashing (0.4831ms)
✔ restoring a behavior recorder preserves cumulative chapter measurements (0.9504ms)
✔ recorder snapshots bound playtime and cannot restore invalid or negative counters (0.515ms)
✔ every campaign chapter has complete finite spawn data and a final boss (3.1688ms)
✔ maps keep lanes, cover and hazards inside the playable arena (0.7296ms)
✔ chapter boundaries and endless wrap resolve the intended maps (0.4082ms)
✔ all four operatives have distinct builds and real signature skills (0.4714ms)
✔ cards have unique IDs and resolvable skill prerequisites (0.9889ms)
✔ skill levels clamp at both ends without producing invalid combat stats (0.7321ms)
✔ new saves grant the starting class without workshop power (0.4555ms)
✔ chapter completion persists every earned unlock and is idempotent (2.6889ms)
✔ older partial saves restore unlocks from chapter progress (0.4912ms)
✔ corrupt JSON and unavailable storage recover without throwing (3.1646ms)
✔ save sanitization caps workshop ranks and filters unknown unlocks (0.5847ms)
✔ workshop rejects unaffordable purchases and charges exactly once per rank (0.7058ms)
✔ first-clear build bonus is paid once and fastest completion persists (0.5355ms)
✔ starting at a late chapter cannot farm progress or claim a full campaign achievement (0.501ms)
✔ leaderboard persists every class, including engineer (0.4197ms)
✔ leaderboard retains the ten highest scores and ignores malformed entries (0.4497ms)
✔ behavior profiles distinguish moving from stationary play within bounded metrics (0.6879ms)
✔ entity method: knockback safely ignores an enemy destroyed by the triggering hit (1.2112ms)
✔ entity method: a live enemy still receives directional knockback (0.3572ms)
✔ entity method: enemy tick stops after AI destroys itself during an explosion (0.3731ms)
✔ entity method: zero or invalid damage does not spend shields (0.5885ms)
✔ entity method: shield grant of brief invulnerability prevents multiple hits consuming all shields (0.3431ms)
✔ entity method: homing piercing projectile skips targets already hit (0.4674ms)
✔ upgrade method: a signature appearing in two pools still yields three unique choices (0.4911ms)
✔ upgrade method: exhausted skill levels disappear and injured camp can still receive repair (0.8085ms)
✔ upgrade method: chapter recovery card grants persistent regeneration with a three-stack cap (0.5223ms)
✔ local wave timing reports explicit sample counts and correct median/p90 (4.1437ms)
✔ wave timing retains only the most recent 120 observations (30.5601ms)
✔ invalid timing samples and broken storage never report fabricated observations (0.7296ms)
✔ five shadow challenges have readable tells, finite rounds and real encounter differences (1.2611ms)
✔ shadow records retain best time, separate tiers and reject corrupt inputs (1.518ms)
✔ shadow record writes that throw never claim a saved first clear or improved time (0.4448ms)
✔ shadow record readback detects silent refusal without blocking independent wallet rewards (1.5442ms)
✔ shadow record readback errors stay unconfirmed and saved values follow existing bounds (0.5711ms)
✔ checkpoints preserve explicit modes and reject mismatched stage chapters (1.8991ms)
✔ first clears, higher stars and capped replays pay once with role-specific mastery (5.2317ms)
✔ fixed stage milestones unlock three characters and skills at 3, 8 and 15 (5.3229ms)
✔ research requires distinct clears, spends exact currency and cannot be purchased twice (1.8185ms)
✔ specializations require earned mastery and currency, then equip one with a real tradeoff (1.9779ms)
✔ each operative earns mastery independently across distinct stages with a hard ceiling (12.9166ms)
✔ battle application modifies the real Hero field contract including workshop and selected tradeoff (0.8033ms)
✔ all twelve specializations retain a cost or drawback and affect supported combat fields (1.0893ms)
✔ v2 migration preserves purchased ranks and currency, marks completed stages without first-clear grants (0.8423ms)
✔ malformed and future saves, invalid IDs and nonfinite numbers never create spendable values (2.8013ms)
✔ a refused localStorage write grants nothing, consumes nothing, and the same completion retries safely (1.3336ms)
✔ shadow and endless milestone rewards use durable records and capped role mastery (1.528ms)
✔ lost mode receipts can be recovered by the next validated milestone without repeated payouts (0.3726ms)
✔ stage/profile statistics share completion IDs without double currency or false full-campaign wins (2.5094ms)
✔ finite campaign economy funds meaningful choices without requiring repeated easy-stage farming (14.426ms)
✔ an endless defeat cannot obtain legacy run rewards when a caller omits the new mode field (0.4452ms)
✔ atlas build achievements require that operative to clear every stage, and never use one-stage time (6.5397ms)
✔ an unknown future save is left intact even if an older client tries to record a stage (0.2033ms)
✔ paid stage receipts remain idempotent after the global recent-event window is evicted (2.9367ms)
✔ first-run settings honor OS reduced-motion preference with restrained volume (2.2714ms)
✔ saved settings clamp volume and reject non-boolean preferences (0.5781ms)
✔ corrupt settings recover and blocked storage still allows session preferences (0.5516ms)
✔ explicit accessibility choice persists and returned objects cannot change stored state (0.3308ms)
✔ new players get a useful training companion without a saved profile (3.3021ms)
✔ hostile or damaged profile fields never create nonfinite combat values (0.5294ms)
✔ recorded play styles create different companion behavior with capped firepower (0.3209ms)
✔ shadow cover blocks crossed, parallel-edge and embedded segments symmetrically (0.5394ms)
✔ shadow targeting ignores dead, distant and covered enemies (0.3568ms)
✔ tactician prioritizes support roles while a nearby camp threat wins priority (0.2756ms)
✔ chapter objectives teach commands, core defense and local terrain with one-time rewards (0.549ms)
✔ shadow trial replaces the chapter exercise and cannot complete from ordinary kills (0.2683ms)
✔ campaign contains five chapters of ten stable, individually named stages (5.6305ms)
✔ all fifty stages have real encounter and route differences with valid enemies (4.5673ms)
✔ every stage map has distinct geometry and all declared approaches fit a boss (11.4718ms)
✔ stage objectives only request terrain and enemy roles that occur in that stage (1.7286ms)
✔ stars are earned independently and a failed stage never earns a star (0.5158ms)
✔ map and encounter getters return independent objects for scene mutations (0.4432ms)
✔ queued encounters wait at the shared entity budget and finish only after every queued enemy dies (1.5965ms)
✔ invalid endless levels cannot create nonfinite difficulty or an undefined chapter (0.3225ms)
✔ an endless checkpoint beyond station one thousand preserves its route and build contract (0.4714ms)
ℹ tests 108
ℹ suites 0
ℹ pass 108
ℹ fail 0
ℹ cancelled 0
ℹ skipped 0
ℹ todo 0
ℹ duration_ms 1047.8572

> shadow-legion@1.3.0-rc.2 build
> tsc && vite build

vite v6.4.3 building for production...
transforming...
✓ 48 modules transformed.
rendering chunks...
computing gzip size...
../dist/index.html                    9.93 kB │ gzip:   3.51 kB
../dist/assets/index-Cim6Y03c.js  1,731.55 kB │ gzip: 424.62 kB
npm.cmd : 
At line:2 char:1
+ npm.cmd run release:web *> .cache/release-anchored.log
+ ~~~~~~~~~~~~~~~~~~~~~~~~~~~~~~~~~~~~~~~~~~~~~~~~~~~~~~
    + CategoryInfo          : NotSpecified: (:String) [], RemoteException
    + FullyQualifiedErrorId : NativeCommandError
 
(!) Some chunks are larger than 500 kB after minification. Consider:
- Using dynamic import() to code-split the application
- Use build.rollupOptions.output.manualChunks to improve chunking: https://rollupjs.org/configuration-options/#output-m
anualchunks
- Adjust chunk size limit for this warning via build.chunkSizeWarningLimit.
✓ built in 7.71s

> shadow-legion@1.3.0-rc.2 check:dist
> node scripts/check-dist.mjs

Production package passed: 5 files, 4.48 MB raw, 424.6 kB gzipped JS.
Relative assets verified; browser rendering, performance and usability require separate real-browser checks.

> shadow-legion@1.3.0-rc.2 check:security
> npm audit --audit-level=moderate

found 0 vulnerabilities
Prepared static release: D:\Code\Game\release\shadow-legion-web-1.3.0-rc.2-2026-09-12T13-00-03-069Z
Includes 8 hashed files, deployment notes and dependency license notices. No upload performed.
